
DRY RUN — originality round 3 liquidity
   wallet : 0x00DC3E0AcAdB8dBA21BB08fF30540222FF8836e0
Phase 0: resolving the parent and 98 children on chain...
   resolved, cached to ./originality-r3-v2-map-cache.json

   parent : 0x52f80FC4fa783AB5850d1658589284c47a21B3b7  split 1000 sUSDS
   Bundle A (ORIG_R3_A) 0xaDaDD3798F7652871DA5208981a0Ce6d6E22fd13: 33 repos, 30.30303030303030303 each
   Bundle B (ORIG_R3_B) 0x3d85b25440F49692151CEd06D04D991Aad27a6C5: 33 repos, 30.30303030303030303 each
   Bundle C (ORIG_R3_C) 0xF295331Dcf6A3f8DaBc872431165920dF6f8323B: 32 repos, 31.25 each
   band   : [0.02, 0.98]

Phase 0b: reading pool state and sizing positions...

 bundle #  repo                                      seedDOWN  seedUP    split   collDOWN   collUP    used / B
  A   0  ethereum/py_ecc                           0.4515    0.5485    7.827     8.686    13.789   30.3030 / 30.3030
  A   1  blockscout/blockscout                     0.3770    0.6230    7.068     5.401    17.834   30.3030 / 30.3030
  A   2  LFDT-web3j/web3j                          0.4621    0.5379    7.884     9.208    13.211   30.3030 / 30.3030
  A   3  herumi/mcl                                0.3098    0.6902    5.953     3.142    21.208   30.3030 / 30.3030
  A   4  paulmillr/noble-curves                    0.4415    0.5585    7.760     8.202    14.341   30.3030 / 30.3030
  A   5  arkworks-rs/algebra                       0.3552    0.6448    6.742     4.589    18.972   30.3030 / 30.3030
  A   6  flashbots/rbuilder                        0.4200    0.5800    7.579     7.205    15.518   30.3030 / 30.3030
  A   7  protofire/solhint                         0.5029    0.4971    7.974    11.320    11.009   30.3030 / 30.3030
  A   8  l2beat/l2beat                             0.3883    0.6117    7.220     5.849    17.233   30.3030 / 30.3030
  A   9  Consensys/gnark-crypto                    0.1980    0.8020    3.638     0.893    25.772   30.3030 / 30.3030
  A  10  Vectorized/solady                         0.4986    0.5014    7.974    11.091    11.237   30.3030 / 30.3030
  A  11  taikoxyz/taiko-mono                       0.5055    0.4945    7.973    11.457    10.874   30.3030 / 30.3030
  A  12  flashbots/mev-boost                       0.3262    0.6738    6.252     3.626    20.424   30.3030 / 30.3030
  A  13  flashbots/mev-boost-relay                 0.3272    0.6728    6.271     3.658    20.374   30.3030 / 30.3030
  A  14  ethereum/js-ethereum-cryptography         0.3398    0.6602    6.490     4.061    19.752   30.3030 / 30.3030
  A  15  libp2p/libp2p                             0.2720    0.7280    5.209     2.182    22.912   30.3030 / 30.3030
  A  16  supranational/blst                        0.2593    0.7407    4.947     1.907    23.449   30.3030 / 30.3030
  A  17  wighawag/hardhat-deploy                   0.2066    0.7934    3.825     1.006    25.472   30.3030 / 30.3030
  A  18  ethstaker/eth-docker                      0.3313    0.6687    6.344     3.788    20.171   30.3030 / 30.3030
  A  19  DefiLlama/DefiLlama-Adapters              0.2888    0.7112    5.548     2.583    22.173   30.3030 / 30.3030
  A  20  DefiLlama/chainlist                       0.5939    0.4061    7.434    16.275     6.594   30.3030 / 30.3030
  A  21  Certora/CertoraProver                     0.2527    0.7473    4.810     1.775    23.718   30.3030 / 30.3030
  A  22  Plonky3/Plonky3                           0.2954    0.7046    5.677     2.751    21.874   30.3030 / 30.3030
  A  23  ChainSafe/bls                             0.3660    0.6340    6.908     4.981    18.413   30.3030 / 30.3030
  A  24  intellij-solidity/intellij-solidity       0.3274    0.6726    6.275     3.665    20.363   30.3030 / 30.3030
  A  25  dappnode/DAppNode                         0.5168    0.4832    7.956    12.065    10.282   30.3030 / 30.3030
  A  26  wealdtech/ethdo                           0.3405    0.6595    6.503     4.087    19.714   30.3030 / 30.3030
  A  27  lambdaclass/lambdaworks                   0.3528    0.6472    6.705     4.507    19.092   30.3030 / 30.3030
  A  28  smartcontracts/simple-optimism-node       0.2921    0.7079    5.612     2.666    22.025   30.3030 / 30.3030
  A  29  skalenetwork/libBLS                       0.2854    0.7146    5.480     2.498    22.325   30.3030 / 30.3030
  A  30  shazow/whatsabi                           0.4783    0.5217    7.944    10.029    12.330   30.3030 / 30.3030
  A  31  TrueBlocks/trueblocks-core                0.3494    0.6506    6.651     4.389    19.263   30.3030 / 30.3030
  A  32  EspressoSystems/jellyfish                 0.4899    0.5101    7.968    10.631    11.704   30.3030 / 30.3030
  B   0  a16z/halmos                               0.2875    0.7125    5.522     2.551    22.230   30.3030 / 30.3030
  B   1  succinctlabs/op-succinct                  0.5727    0.4273    7.646    15.120     7.537   30.3030 / 30.3030
  B   2  succinctlabs/sp1                          0.4644    0.5356    7.894     9.323    13.086   30.3030 / 30.3030
  B   3  otterscan/otterscan                       0.2921    0.7079    5.613     2.667    22.023   30.3030 / 30.3030
  B   4  lambdaclass/ethrex                        0.3927    0.6073    7.277     6.031    16.995   30.3030 / 30.3030
  B   5  NethermindEth/juno                        0.4445    0.5555    7.781     8.348    14.173   30.3030 / 30.3030
  B   6  Commit-Boost/commit-boost-client          0.2981    0.7019    5.730     2.823    21.749   30.3030 / 30.3030
  B   7  Cyfrin/aderyn                             0.2653    0.7347    5.072     2.036    23.195   30.3030 / 30.3030
  B   8  0xMiden/miden-vm                          0.3772    0.6228    7.069     5.406    17.827   30.3030 / 30.3030
  B   9  holiman/goevmlab                          0.4904    0.5096    7.968    10.659    11.677   30.3030 / 30.3030
  B  10  edb-rs/edb                                0.3682    0.6318    6.941     5.064    18.298   30.3030 / 30.3030
  B  11  evmts/tevm-monorepo                       0.4638    0.5362    7.892     9.294    13.117   30.3030 / 30.3030
  B  12  succinctlabs/rsp                          0.4744    0.5256    7.932     9.831    12.540   30.3030 / 30.3030
  B  13  aestus-relay/mev-boost-relay              0.5205    0.4795    7.947    12.264    10.092   30.3030 / 30.3030
  B  14  OffchainLabs/stylus-sdk-rs                0.4485    0.5515    7.808     8.543    13.952   30.3030 / 30.3030
  B  15  ethstaker/ethstaker-deposit-cli           0.3004    0.6996    5.773     2.882    21.648   30.3030 / 30.3030
  B  16  dl-solarity/solidity-lib                  0.2575    0.7425    4.910     1.871    23.522   30.3030 / 30.3030
  B  17  risc0/risc0-ethereum                      0.4744    0.5256    7.933     9.833    12.537   30.3030 / 30.3030
  B  18  powdr-labs/powdr                          0.3096    0.6904    5.950     3.138    21.216   30.3030 / 30.3030
  B  19  axiom-crypto/snark-verifier               0.3586    0.6414    6.797     4.713    18.794   30.3030 / 30.3030
  B  20  swiss-knife-xyz/swiss-knife               0.4212    0.5788    7.590     7.261    15.452   30.3030 / 30.3030
  B  21  a16z/helios                               0.4664    0.5336    7.903     9.425    12.975   30.3030 / 30.3030
  B  22  alloy-rs/alloy                            0.4391    0.5609    7.744     8.088    14.471   30.3030 / 30.3030
  B  23  apeworx/ape                               0.3183    0.6817    6.110     3.389    20.804   30.3030 / 30.3030
  B  24  chainsafe/lodestar                        0.3250    0.6750    6.232     3.591    20.480   30.3030 / 30.3030
  B  25  consensys/teku                            0.3427    0.6573    6.539     4.160    19.604   30.3030 / 30.3030
  B  26  erigontech/erigon                         0.2477    0.7523    4.705     1.677    23.921   30.3030 / 30.3030
  B  27  eth-infinitism/account-abstraction        0.2609    0.7391    4.979     1.941    23.383   30.3030 / 30.3030
  B  28  ethereum-lists/chains                     0.3728    0.6272    7.009     5.239    18.055   30.3030 / 30.3030
  B  29  ethereum/consensus-specs                  0.4891    0.5109    7.967    10.590    11.746   30.3030 / 30.3030
  B  30  ethereum/eips                             0.5038    0.4962    7.973    11.368    10.962   30.3030 / 30.3030
  B  31  ipsilon/evmone                            0.3194    0.6806    6.130     3.421    20.751   30.3030 / 30.3030
  B  32  ethereum/execution-apis                   0.4611    0.5389    7.878     9.157    13.268   30.3030 / 30.3030
  C   0  argotorg/fe                               0.3884    0.6116    7.446     6.034    17.769   31.2500 / 31.2500
  C   1  ethereum/go-ethereum                      0.1964    0.8036    3.718     0.901    26.631   31.2500 / 31.2500
  C   2  remix-project-org/remix-project           0.2867    0.7133    5.678     2.609    22.964   31.2500 / 31.2500
  C   3  argotorg/solidity                         0.2033    0.7967    3.870     0.991    26.389   31.2500 / 31.2500
  C   4  argotorg/sourcify                         0.2564    0.7436    5.040     1.906    24.304   31.2500 / 31.2500
  C   5  ethereum/web3.py                          0.1957    0.8043    3.702     0.891    26.657   31.2500 / 31.2500
  C   6  ethers-io/ethers.js                       0.3639    0.6361    7.093     5.059    19.098   31.2500 / 31.2500
  C   7  foundry-rs/foundry                        0.2595    0.7405    5.106     1.972    24.171   31.2500 / 31.2500
  C   8  grandinetech/grandine                     0.3376    0.6624    6.654     4.114    20.482   31.2500 / 31.2500
  C   9  hyperledger-web3j/web3j                   0.2934    0.7066    5.815     2.785    22.651   31.2500 / 31.2500
  C  10  hyperledger/besu                          0.4511    0.5489    8.070     8.938    14.242   31.2500 / 31.2500
  C  11  nethereum/nethereum                       0.3536    0.6464    6.929     4.677    19.644   31.2500 / 31.2500
  C  12  nethermindeth/nethermind                  0.3218    0.6782    6.368     3.604    21.278   31.2500 / 31.2500
  C  13  nomicfoundation/hardhat                   0.4240    0.5760    7.855     7.617    15.778   31.2500 / 31.2500
  C  14  openzeppelin/openzeppelin-contracts       0.2215    0.7785    4.274     1.262    25.713   31.2500 / 31.2500
  C  15  paradigmxyz/reth                          0.2768    0.7232    5.472     2.364    23.414   31.2500 / 31.2500
  C  16  OffchainLabs/prysm                        0.4485    0.5515    8.052     8.807    14.391   31.2500 / 31.2500
  C  17  safe-global/safe-smart-account            0.3839    0.6161    7.387     5.851    18.012   31.2500 / 31.2500
  C  18  scaffold-eth/scaffold-eth-2               0.3240    0.6760    6.409     3.670    21.171   31.2500 / 31.2500
  C  19  sigp/lighthouse                           0.2598    0.7402    5.111     1.977    24.162   31.2500 / 31.2500
  C  20  status-im/nimbus-eth2                     0.2716    0.7284    5.363     2.241    23.647   31.2500 / 31.2500
  C  21  vyperlang/titanoboa                       0.3108    0.6892    6.158     3.269    21.822   31.2500 / 31.2500
  C  22  vyperlang/vyper                           0.4897    0.5103    8.216    10.953    12.081   31.2500 / 31.2500
  C  23  wevm/viem                                 0.4211    0.5789    7.828     7.484    15.938   31.2500 / 31.2500
  C  24  argotorg/hevm                             0.3213    0.6787    6.359     3.588    21.303   31.2500 / 31.2500
  C  25  ethdebug/format                           0.2912    0.7088    5.771     2.727    22.753   31.2500 / 31.2500
  C  26  argotorg/act                              0.3297    0.6703    6.514     3.854    20.883   31.2500 / 31.2500
  C  27  ethpandaops/ethereum-package              0.3446    0.6554    6.775     4.353    20.121   31.2500 / 31.2500
  C  28  ethpandaops/ethereum-helm-charts          0.4987    0.5013    8.223    11.440    11.587   31.2500 / 31.2500
  C  29  ethpandaops/checkpointz                   0.2957    0.7043    5.862     2.846    22.542   31.2500 / 31.2500
  C  30  lambdaclass/lambda_ethereum_consensus     0.2826    0.7174    5.594     2.506    23.151   31.2500 / 31.2500
  C  31  erigontech/silkworm                       0.4217    0.5783    7.833     7.509    15.908   31.2500 / 31.2500

  GRAND TOTAL sUSDS committed (one parent split): 1000
     ORIG_R3_A: child splits 216.4040 + pool collateral 783.5960 = 1000.0000 of 1000
     ORIG_R3_B: child splits 226.2127 + pool collateral 773.7873 = 1000.0000 of 1000
     ORIG_R3_C: child splits 200.5445 + pool collateral 799.4555 = 1000.0000 of 1000
  pools to seed              : 196
  pools that already exist   : 0 (their live price is used, not the seed price)
  worst per-repo idle tokens : 0.000000 (integer rounding)
  unpooled by design         : 1000 parent Invalid + 643.16 child Invalid tokens

  wallet sUSDS : 42243.02601109491494438
  wallet ETH   : 0.040545364426096558

Dry run complete — set DRY_RUN = false to seed.
