check-zcash-nu7-pools — DRY RUN (nothing will be sent)
  campaign zcash-nu7 (launch/poll), stage check
  chain 10 ok (read-only)

14 pools from add-zcash-nu7-liquidity-v3-round2-execution.json

  #  mkt   outcome           seeded    live      tick  pool liquidity
  1  Q1    SMOOTH           0.1500  0.1373    19855  0   <- MOVED -0.0127   <- EMPTY
  1  Q1    HALVINGS         0.7500  0.7133    -3379  0   <- MOVED -0.0367   <- EMPTY
  1  Q1    NONE             0.1000  0.1392   -19717  0   <- MOVED +0.0392   <- EMPTY
  2  Q2    ASAP             0.5500  0.4390     8234  0   <- MOVED -0.1110   <- EMPTY
  2  Q2    FEB2027          0.1500  0.1052   -22516  0   <- MOVED -0.0448   <- EMPTY
  2  Q2    FEB2031          0.3000  0.4270    -8511  0   <- MOVED +0.1270   <- EMPTY
  3  Q3    IMMEDIATE        0.3000  0.3311   -11053  0   <- MOVED +0.0311   <- EMPTY
  3  Q3    ONEYEAR          0.2000  0.1660   -17956  0   <- MOVED -0.0340   <- EMPTY
  3  Q3    NODATE           0.5000  0.4630    -7700  0   <- MOVED -0.0370   <- EMPTY
  4  Q4    YES              0.9000  0.8800     1278  0   <- MOVED -0.0200   <- EMPTY
  4  Q4    NO               0.1000  0.1061   -22433  0   <- MOVED +0.0061   <- EMPTY
  5  Q5    SHIP             0.7000  0.7500    -2877  0   <- MOVED +0.0500   <- EMPTY
  5  Q5    DELAY            0.2500  0.1940   -16400  0   <- MOVED -0.0560   <- EMPTY
  5  Q5    NOSUPPORT        0.0500  0.0503   -29908  0   <- EMPTY

  market  outcomes  seeded sum  live sum   drift
  Q1             3    1.000000  0.989838  -0.010162
  Q2             3    1.000000  0.971161  -0.028839
  Q3             3    1.000000  0.960203  -0.039797
  Q4             2    1.000000  0.986155  -0.013845
  Q5             3    1.000000  0.994248  -0.005752

   Pools whose price moved off the seed: 13/14
   Pools with zero liquidity            : 14/14
   -> those markets traded; merge recovers only min(all outcomes, Invalid) per market.
   Note: a live-sum drift of ~1e-4 is tick granularity, not arbitrage — sqrtPriceX96
   is derived from the clamped tick, so that residual is expected and irreducible.

Dry run complete — nothing was sent.
