
📋 Wallet  : 0x00DC3E0AcAdB8dBA21BB08fF30540222FF8836e0
📋 DRY_RUN : false
(node:14132) [MODULE_TYPELESS_PACKAGE_JSON] Warning: Module type of file:///D:/Code/liquidity/merge-zcash-positions.js is not specified and it doesn't parse as CommonJS.
Reparsing as ES module because module syntax was detected. This incurs a performance overhead.
To eliminate this warning, add "type": "module" to D:\Code\liquidity\package.json.
(Use `node --trace-warnings ...` to show where the warning was created)

🔍 Step 1: resolving 37 markets and reading balances...

    #  shortName                 YES            NO       Invalid         MERGE      leftover
    1  GRANTSHUB           139.3973     139.6977     139.4477     139.3973       0.3509
    2  SHIELDEDSCAN        139.4453     139.4453     139.4453     139.4453       0.0000
    3  ZECKIT              139.4517     139.4517     139.4517     139.4517       0.0000
    4  ZCASHTOCASH         139.4477     139.4477     139.4477     139.4477       0.0000
    5  RECONCILE           139.4517     139.4517     139.4517     139.4517       0.0000
    6  GLEYO               139.4517     139.4517     139.4517     139.4517       0.0000
    7  FAUCET              139.4477     139.4477     139.4477     139.4477       0.0000
    8  CYPHZEC             139.4453     139.4453     139.4453     139.4453       0.0000
    9  ZECLEDGER           139.4517     139.4517     139.4517     139.4517       0.0000
   10  LIGHTWALLETD        139.4517     139.4517     139.4517     139.4517       0.0000
   11  BLINDVAULT          139.4414     139.4414     139.4414     139.4414       0.0000
   12  ZALLETRPC           139.4477     139.4477     139.4477     139.4477       0.0000
   13  ZECMAP              139.4517     139.4517     139.4517     139.4517       0.0000
   14  CONNAUGH            139.4517     139.4517     139.4517     139.4517       0.0000
   15  ZAP1                139.4517     139.4517     139.4517     139.4517       0.0000
   16  ZECBOOKS            139.4517     139.4517     139.4517     139.4517       0.0000
   17  CIPHERPAY           139.4477     139.4477     139.4477     139.4477       0.0000
   18  ZAFU                139.4517     139.4517     139.4517     139.4517       0.0000
   19  ZAPP                139.4453     139.4453     139.4453     139.4453       0.0000
   20  HWSDK               139.4453     139.4453     139.4453     139.4453       0.0000
   21  NOZY                139.4517     139.4517     139.4517     139.4517       0.0000
   22  THORSWAP            139.4517     139.4517     139.4517     139.4517       0.0000
   23  UNSTOPPABLE         139.4414     139.4414     139.4414     139.4414       0.0000
   24  ZCASHNAMES          139.4517     139.4517     139.4517     139.4517       0.0000
   25  FRONTIERSEC         139.4517     139.4517     139.4517     139.4517       0.0000
   26  ZEBRACVE            139.4477     139.4477     139.4477     139.4477       0.0000
   27  BONUSIRONWOOD       139.4517     139.4517     139.4517     139.4517       0.0000
   28  CIPHERSCAN          139.4517     139.4517     139.4517     139.4517       0.0000
   29  MINTEXPLOIT         139.4453     139.4453     139.4453     139.4453       0.0000
   30  ZEBRACONSENSUS      139.4477     139.4477     139.4477     139.4477       0.0000
   31  ZECROCKS            139.4517     139.4517     139.4517     139.4517       0.0000
   32  VALARAUDIT          139.4477     139.4477     139.4477     139.4477       0.0000
   33  TACHYON             139.4477     139.4477     139.4477     139.4477       0.0000
   34  ORCHARDBOUNTY       139.4477     139.4477     139.4477     139.4477       0.0000
   35  BONUSORCHARD        139.7017     139.4137     139.4517     139.4137       0.3261
   36  VALARIRONWOOD       139.7017     139.4137     139.4517     139.4137       0.3261
   37  ZODL                139.3949     139.6953     139.4453     139.3949       0.3509

   Recoverable  : 5159.437623431322634434 sUSDS over 37 markets
   Stranded     : 1.353996612284713613 outcome tokens (imbalance from trading)
   sUSDS now    : 19391.99877338080850337
   sUSDS after  : 24551.436396812131137804

🔀 Step 3: merging 37 markets


--- [1] GRANTSHUB — merging 139.397270512624007202 ---
  Approving 0x30258BD4D6344B2be1AD364ebe5D19E4F88fC78e -> 0x179d8F8c811B8C759c33809dbc6c5ceDc62D05DD for 139.397270512624007202 ...
  Attempt 1/3...
  Tx sent: 0x550a2f8e71173ccb29b72e3df40d8922c211d54a0c50a520220a9bd4f00897f7
  Confirmed in block 155982288
  Approving 0xF983075ccac6A52cE1dCA390cE319A3253f56CFd -> 0x179d8F8c811B8C759c33809dbc6c5ceDc62D05DD for 139.397270512624007202 ...
  Attempt 1/3...
  Tx sent: 0x1cf7a57ceb348ec0595690a712c313e90c58717b7c012ef0c1dd0e9e2d9c9a97
  Confirmed in block 155982291
  Approving 0x75c9feD9069cbC1376709928999b299894C04055 -> 0x179d8F8c811B8C759c33809dbc6c5ceDc62D05DD for 139.397270512624007202 ...
  Attempt 1/3...
  Tx sent: 0xaed058b07b0e00a8770713a84b3d5fd0b22c6abcfd46a4b385fa9ec9b01d0a18
  Confirmed in block 155982294
  Attempt 1/3...
  Tx sent: 0x1020be079ba21acc5dd6a5f9d1d44138d0b4ef3862086fb4e7fc49b415933c2b
  Confirmed in block 155982296
  ✅ Saved to ./merge-zcash-positions-execution.json

--- [2] SHIELDEDSCAN — merging 139.445325864997635176 ---
  Approving 0xD1122a4bEc93Ab3DA7Ca3B9601DCa61e3b4308DB -> 0x179d8F8c811B8C759c33809dbc6c5ceDc62D05DD for 139.445325864997635176 ...
  Attempt 1/3...
  Tx sent: 0xafee6492903d18679523375d5b2c70d1008d274bf1bec19cc8628abc6d31daf0
  Confirmed in block 155982299
  Approving 0x62600B021160180C743316415257d2518Cf4A75A -> 0x179d8F8c811B8C759c33809dbc6c5ceDc62D05DD for 139.445325864997635176 ...
  Attempt 1/3...
  Tx sent: 0x824c8ca2bb02b030ea2aa0c575894a102b57a8ef2bfcc98e2110ff1cb889b8ef
  Confirmed in block 155982303
  Approving 0xb5fA68e9592b9D799f51D1E333516CEF4faA4825 -> 0x179d8F8c811B8C759c33809dbc6c5ceDc62D05DD for 139.445325864997635176 ...
  Attempt 1/3...
  Tx sent: 0x35f0ec7ade23c60ea0609b8f1d548ea7170daa2a3d764d6e307f69eb105ecf4a
  Confirmed in block 155982308
  Attempt 1/3...
  Tx sent: 0x1bfb450c6734c57b3e2e20f121e8a0d86f4cc4c945d11a01fff0df63d861930e
  Confirmed in block 155982312
  ✅ Saved to ./merge-zcash-positions-execution.json

--- [3] ZECKIT — merging 139.451709812550220546 ---
  Approving 0x93550F086AcdEAe522d844D7Be0aD8F94bA05939 -> 0x179d8F8c811B8C759c33809dbc6c5ceDc62D05DD for 139.451709812550220546 ...
  Attempt 1/3...
  Tx sent: 0x6253d6c45c08510a8a696aff9aba81701446bf84728f4428ee6166bdcdad3d47
  Confirmed in block 155982316
  Approving 0x3D6ae7e4E9cdc1eAe8ffE7A1Ff57AB3a519Cb8dA -> 0x179d8F8c811B8C759c33809dbc6c5ceDc62D05DD for 139.451709812550220546 ...
  Attempt 1/3...
  Tx sent: 0xd7dfb88522b8e9a2e33d66056f46bd412aca86633ce55b39f24fb3bc20125096
  Confirmed in block 155982319
  Approving 0xe51DF98C9f08A74f683A4705a937b3839C9a8DE3 -> 0x179d8F8c811B8C759c33809dbc6c5ceDc62D05DD for 139.451709812550220546 ...
  Attempt 1/3...
  Tx sent: 0x2815d0a2af2c5b7c9c3f4239e9ee8633c6349120f709c787a25ce8ec7cd87102
  Confirmed in block 155982323
  Attempt 1/3...
  Tx sent: 0x4b6d138a38bb78c62e5771c31d0008ac901ebdf571c58dc8c3b66220a54c6808
  Confirmed in block 155982326
  ✅ Saved to ./merge-zcash-positions-execution.json

--- [4] ZCASHTOCASH — merging 139.447746648203306297 ---
  Approving 0x642b91635F5Ad1881540f47d1ced93f0b1cbf339 -> 0x179d8F8c811B8C759c33809dbc6c5ceDc62D05DD for 139.447746648203306297 ...
  Attempt 1/3...
  Tx sent: 0x0ebca2530ffa773a1e7a66a6f5ceffb913841103585130b3c8019a0f53dedf9d
  Confirmed in block 155982329
  Approving 0xe711B847F30B5fD450B2C61B74422B335A77468F -> 0x179d8F8c811B8C759c33809dbc6c5ceDc62D05DD for 139.447746648203306297 ...
  Attempt 1/3...
  Tx sent: 0x004510bca1bfb89f2615a2412836c38b45707508ec03d5d6d7c4248e8ccaa54c
  Confirmed in block 155982333
  Approving 0x03b880208f798B1D70f87cD1cEF8eF965057547A -> 0x179d8F8c811B8C759c33809dbc6c5ceDc62D05DD for 139.447746648203306297 ...
  Attempt 1/3...
  Tx sent: 0x3ae52bca3556aab77edfdf89a0cf475b77bbe961b9dd0341dec64b9fed7db28e
  Confirmed in block 155982336
  Attempt 1/3...
  Tx sent: 0x6919138e15c1c321e216abdf71c938f95a977a4d093a9ff1f63e46291ab15f97
  Confirmed in block 155982339
  ✅ Saved to ./merge-zcash-positions-execution.json

--- [5] RECONCILE — merging 139.451709812550220546 ---
  Approving 0x6CE153c83A74258b9F0D80dBabc3011eF6178BBc -> 0x179d8F8c811B8C759c33809dbc6c5ceDc62D05DD for 139.451709812550220546 ...
  Attempt 1/3...
  Tx sent: 0xdde155cd8ba13822239699ec013efb0465fb35af3b245a2ea0f840eee68fef1f
  Confirmed in block 155982343
  Approving 0x7AB992CFba241dDbD7691Ee5A426cfAFae026B14 -> 0x179d8F8c811B8C759c33809dbc6c5ceDc62D05DD for 139.451709812550220546 ...
  Attempt 1/3...
  Tx sent: 0x409f0decde2cd82118b2164d9c686cf2c790b14ac81ed1c871f7a5f13f5e9208
  Confirmed in block 155982346
  Approving 0xe924C6d11dfC3E8a911A9b30FB5FfEAdd88565ad -> 0x179d8F8c811B8C759c33809dbc6c5ceDc62D05DD for 139.451709812550220546 ...
  Attempt 1/3...
  Tx sent: 0xb901a9cafbb39409ab64d0dec0c568811819a8f0e36e820852785db97f508d76
  Confirmed in block 155982350
  Attempt 1/3...
  Tx sent: 0x581b948b5aee4ef6d9cb079ffd3ba9a5ae05c669c936b2df74da93ba8115d7c6
  Confirmed in block 155982354
  ✅ Saved to ./merge-zcash-positions-execution.json

--- [6] GLEYO — merging 139.451709812550220546 ---
  Approving 0x8A3dAe0FC9Bc4A0937D4432CedA163dAda18C9Be -> 0x179d8F8c811B8C759c33809dbc6c5ceDc62D05DD for 139.451709812550220546 ...
  Attempt 1/3...
  Tx sent: 0xb3f219daf41e401639004a926b4f0dd96decc19cd2d185428f88a4bd86b3ffdc
  Confirmed in block 155982358
  Approving 0x9Ad4E748da99E0Cc3a37A499B6849658d54D4586 -> 0x179d8F8c811B8C759c33809dbc6c5ceDc62D05DD for 139.451709812550220546 ...
  Attempt 1/3...
  Tx sent: 0x9abd8806292c51b5e7856cac54b903a7b30b09d4063fd42676ff2a7d66cafc5a
  Confirmed in block 155982361
  Approving 0xCDB4f8F58079C1aBE08A8E0EafF59bEA2dC9a8bD -> 0x179d8F8c811B8C759c33809dbc6c5ceDc62D05DD for 139.451709812550220546 ...
  Attempt 1/3...
  Tx sent: 0x95e14eff21d1707b3cafbf606f8a799ec562d6acbbd52fe484229fa944101b6f
  Confirmed in block 155982365
  Attempt 1/3...
  Tx sent: 0xc494db1a414e97c99a41db13978773145c3f4ec6f102ae3785491615ef7541cc
  Confirmed in block 155982368
  ✅ Saved to ./merge-zcash-positions-execution.json

--- [7] FAUCET — merging 139.447746648203306297 ---
  Approving 0x758fcb92132bdf0Ba3BB4A752b30140ab042bB80 -> 0x179d8F8c811B8C759c33809dbc6c5ceDc62D05DD for 139.447746648203306297 ...
  Attempt 1/3...
  Tx sent: 0xf555984d0b1fa844c9ae0c8319bd51d1bccfca338afeca05064c229fc6e71cda
  Confirmed in block 155982370
  Approving 0xFEEa3779BCd0473c5ec1A0228324a7b878628FF6 -> 0x179d8F8c811B8C759c33809dbc6c5ceDc62D05DD for 139.447746648203306297 ...
  Attempt 1/3...
  Tx sent: 0x394095eddbdd4b0cdc4378e96a6949c53c8fb05f744e8119f8e765772656db2b
  Confirmed in block 155982372
  Approving 0x1392d71DD592707a0536225B51d18BF5bDaF5Ffc -> 0x179d8F8c811B8C759c33809dbc6c5ceDc62D05DD for 139.447746648203306297 ...
  Attempt 1/3...
  Tx sent: 0xd3a78bc5a82fa231f1974f5ebde7eb2989ffcae685dece121407714c645c6382
  Confirmed in block 155982375
  Attempt 1/3...
  Tx sent: 0xcc9cf04b260258d8f87ac4397f9ed7ea64b5d1c854b5cf426530a9837055dab5
  Confirmed in block 155982379
  ✅ Saved to ./merge-zcash-positions-execution.json

--- [8] CYPHZEC — merging 139.445325864997635176 ---
  Approving 0xfcc942219759ca67AE3B451b363a821Bb5073A7a -> 0x179d8F8c811B8C759c33809dbc6c5ceDc62D05DD for 139.445325864997635176 ...
  Attempt 1/3...
  Tx sent: 0xf698cfb4e8a9d687347c85ace0bfcf2a47e58724e320b7d356a3e4c8d78f9261
  Confirmed in block 155982383
  Approving 0x74702F3887287f7c5ca89B8B43e4E5e232E39A86 -> 0x179d8F8c811B8C759c33809dbc6c5ceDc62D05DD for 139.445325864997635176 ...
  Attempt 1/3...
  Tx sent: 0x93c1e32a5a5a7d2dab5ed1b6faf2af4cc67928a4c7eb700698826996d97e3ea7
  Confirmed in block 155982386
  Approving 0xbEa602d1482119F29B8c979821A7dd191CB26d1B -> 0x179d8F8c811B8C759c33809dbc6c5ceDc62D05DD for 139.445325864997635176 ...
  Attempt 1/3...
  Tx sent: 0xcd0e9be0083dfe1b6afeb945775e3395ae084aeb73ad6761c750a55f3ac34c86
  Confirmed in block 155982390
  Attempt 1/3...
  Tx sent: 0x530c701d66c1853fafdc9a43411ed029957eec35274792a1df31b2b31bef070b
  Confirmed in block 155982394
  ✅ Saved to ./merge-zcash-positions-execution.json

--- [9] ZECLEDGER — merging 139.451709812550220546 ---
  Approving 0x6Ff66A3D8139f5aC033e17B9d65cd7EDb842df92 -> 0x179d8F8c811B8C759c33809dbc6c5ceDc62D05DD for 139.451709812550220546 ...
  Attempt 1/3...
  Attempt 1 failed: nonce has already been used (transaction="0x02f8af0a822059830f4240830f471e82c0ed946ff66a3d8139f5ac033e17b9d65cd7edb842df9280b844095ea7b3000000000000000000000000179d8f8c811b8c759c33809dbc6c5cedc62d05dd0000000000000000000000000000000000000000000000078f47ff3a49e93b02c080a0f045d7633cc012135a4d31dc7e307f4cde7b894dd788147f7e98acae78bfce8ba0245cd69a6aa724d18625fa2caffca856199764bc6c484e36dd4650c9853aae3a", info={ "error": { "code": -32000, "message": "nonce too low: next nonce 9150, tx nonce 8281" } }, code=NONCE_EXPIRED, version=6.15.0)
  Attempt 2/3...
  Tx sent: 0x680baeee53c1e27e01d7cd21f0c2e9721c7396a659a384a4b001c77f76b56bcf
  Confirmed in block 155982399
  Approving 0x23Bb08e1fE39A96833424cfC91F9b5BC8726A8Da -> 0x179d8F8c811B8C759c33809dbc6c5ceDc62D05DD for 139.451709812550220546 ...
  Attempt 1/3...
  Tx sent: 0xf6d4b9ec25c5309502d94f5722b2fd53d34b53f69525a91259dfaa13971cf7be
  Confirmed in block 155982402
  Approving 0x7cbc8C8Ab4dab67421d685859d3C01f7ABA278F3 -> 0x179d8F8c811B8C759c33809dbc6c5ceDc62D05DD for 139.451709812550220546 ...
  Attempt 1/3...
  Attempt 1 failed: could not coalesce error (error={ "code": -32001, "message": "You've reached the usage limit for your current plan. To continue with higher limits and uninterrupted access, please upgrade here: https://www.1rpc.io/#pricing" }, payload={ "id": 826, "jsonrpc": "2.0", "method": "eth_sendRawTransaction", "params": [ "0x02f8af0a822059830f4240830f472282c0ed947cbc8c8ab4dab67421d685859d3c01f7aba278f380b844095ea7b3000000000000000000000000179d8f8c811b8c759c33809dbc6c5cedc62d05dd0000000000000000000000000000000000000000000000078f47ff3a49e93b02c001a0650c4ea67b26ba77e35bf6b5774b328afb7e9a5e7c738ff5672f5ee3aba44cbca0036e7b37e02e46b6f338f9315342fa471e88ee979a67ab37828167f9778ee946" ] }, code=UNKNOWN_ERROR, version=6.15.0)
  Attempt 2/3...
  Tx sent: 0x53d57001cc8384bf208627139a159b5fc9fa6c17be5b8227782a4ca585526e16
  Confirmed in block 155982407
  Attempt 1/3...
  Tx sent: 0x72c55cf5932ff1f615e2a588c17e0ee6bc07a6f4b8a837ac581903a746a65aed
  Confirmed in block 155982410
  ✅ Saved to ./merge-zcash-positions-execution.json

--- [10] LIGHTWALLETD — merging 139.451709812550220546 ---
  Approving 0x5947Da3E3753b85Fe01d735207dA28773aD2db63 -> 0x179d8F8c811B8C759c33809dbc6c5ceDc62D05DD for 139.451709812550220546 ...
  Attempt 1/3...
  Tx sent: 0x5c265c1920b7eac8aa927b83164dd8e27339a14c5411a9c9744d059ce0cdc637
  Confirmed in block 155982414
  Approving 0x24a69DFeC66C47aa2A08E9718BeB1eb15453c4e2 -> 0x179d8F8c811B8C759c33809dbc6c5ceDc62D05DD for 139.451709812550220546 ...
  Attempt 1/3...
  Tx sent: 0x23efeb550da1af2c719a94701f4326f9526744856aa98fbd1f1a894c4f3c568d
  Confirmed in block 155982416
  Approving 0x789dB852bB0936f3743050DD80F3185Bc9b2c630 -> 0x179d8F8c811B8C759c33809dbc6c5ceDc62D05DD for 139.451709812550220546 ...
  Attempt 1/3...
  Tx sent: 0x664af446117b1cf06fc2cc7de6fe344b4131b50fac96de7381cb08af596c5c48
  Confirmed in block 155982418
  Attempt 1/3...
  Tx sent: 0xe5ab2e7e9c02791e28172eef62898eb5394415a80ec5433631da00239d4bdd0b
  Confirmed in block 155982420
  ✅ Saved to ./merge-zcash-positions-execution.json

--- [11] BLINDVAULT — merging 139.441363063495963412 ---
  Approving 0xf148A4a5208a02b6A4C102BA40Dc83aC6E595E42 -> 0x179d8F8c811B8C759c33809dbc6c5ceDc62D05DD for 139.441363063495963412 ...
  Attempt 1/3...
  Tx sent: 0x5e7688094a2bf414b0e985182a2fdec9e9d5c79ac3fb5520de6e75ee0e06240b
  Confirmed in block 155982423
  Approving 0xfD55e6DB8Cc3EF85766444E21882f95B9aF426aC -> 0x179d8F8c811B8C759c33809dbc6c5ceDc62D05DD for 139.441363063495963412 ...
  Attempt 1/3...
  Tx sent: 0x1d9999c3b5afbbc52309e2e494cf1889774a7ab4e29ffb5eff34ddbe104dea71
  Confirmed in block 155982427
  Approving 0x6c6E69FD91F5564FC1bF6B80eD072495Ca325ad6 -> 0x179d8F8c811B8C759c33809dbc6c5ceDc62D05DD for 139.441363063495963412 ...
  Attempt 1/3...
  Tx sent: 0xcfeaae91eeaa3270f5a52fc2d143a813d288b79e6880aba20538848cda03c166
  Confirmed in block 155982432
  Attempt 1/3...
  Tx sent: 0x536bfd7d21b368a2b815ebe1ae533d590302363796fa100dcade7ec7e95b0c6d
  Confirmed in block 155982436
  ✅ Saved to ./merge-zcash-positions-execution.json

--- [12] ZALLETRPC — merging 139.447746648203306297 ---
  Approving 0x76eEA0004D171054F537fDb6F274948a9Cc1EA57 -> 0x179d8F8c811B8C759c33809dbc6c5ceDc62D05DD for 139.447746648203306297 ...
  Attempt 1/3...
  Tx sent: 0x5352c18926ba8b9043244056d31506e94ce21836dd8a20a8402f603fa7126272
  Confirmed in block 155982439
  Approving 0xee811Aa69f197a465E9Ad915F7cD613AB09A41d8 -> 0x179d8F8c811B8C759c33809dbc6c5ceDc62D05DD for 139.447746648203306297 ...
  Attempt 1/3...
  Tx sent: 0x4f9232e224a1d585517dbe9f166a8e05d1b32f21b61b0559dd03aa930cf0305c
  Confirmed in block 155982443
  Approving 0x4094C9Cc1dCDdC337Db5345F4eB54e054A57AEB5 -> 0x179d8F8c811B8C759c33809dbc6c5ceDc62D05DD for 139.447746648203306297 ...
  Attempt 1/3...
  Tx sent: 0x3efd04802cb940ea4f1522c862516e369a209d607ecc69340b1fd3d29b477e7f
  Confirmed in block 155982446
  Attempt 1/3...
  Tx sent: 0x47acd0104d83639f5232ba6788fa6bf2c854b4be99e798aa965be1e304be21ff
  Confirmed in block 155982450
  ✅ Saved to ./merge-zcash-positions-execution.json

--- [13] ZECMAP — merging 139.451709812550220546 ---
  Approving 0x6C05B893299fE0f66e57465E4eeC06fB78A52718 -> 0x179d8F8c811B8C759c33809dbc6c5ceDc62D05DD for 139.451709812550220546 ...
  Attempt 1/3...
  Tx sent: 0x189ac9e0fa7764d36386429cbc76084b1101fad984b0997d7ed2949a8f758b93
  Confirmed in block 155982456
  Approving 0x85051bd7FFDA82f16BfAFA9675b9de1a4B9C48c0 -> 0x179d8F8c811B8C759c33809dbc6c5ceDc62D05DD for 139.451709812550220546 ...
  Attempt 1/3...
  Tx sent: 0xdecf43b2261c8e179af434ca09243d57af1b8f84199e3382e333816f33b7c2f2
  Confirmed in block 155982459
  Approving 0xf9802699589BfD6fA3585fD9003924bC4EC2002c -> 0x179d8F8c811B8C759c33809dbc6c5ceDc62D05DD for 139.451709812550220546 ...
  Attempt 1/3...
  Tx sent: 0xbc40a3f889aa6242ca2389073af37fc1021310cf6970a5b2cfbfac5f644011fe
  Confirmed in block 155982464
  Attempt 1/3...
  Tx sent: 0x4e6bcc1827fad96bb0d6a9995a3a16bbde11d442dcf0868fdc5d0849b9e898df
  Confirmed in block 155982468
  ✅ Saved to ./merge-zcash-positions-execution.json

--- [14] CONNAUGH — merging 139.451709812550220546 ---
  Approving 0xa92d9460dFa22bb2Ee1827Aa5946DDF657BCC9F2 -> 0x179d8F8c811B8C759c33809dbc6c5ceDc62D05DD for 139.451709812550220546 ...
  Attempt 1/3...
  Tx sent: 0xf5fd95d8bb0acbacfe50ccf8eafe43e7a010fdac15558820e63fd39869a1e677
  Confirmed in block 155982473
  Approving 0xB2E5f4eAbc756196857ACF7a10C584890d04A447 -> 0x179d8F8c811B8C759c33809dbc6c5ceDc62D05DD for 139.451709812550220546 ...
  Attempt 1/3...
  Tx sent: 0xf181a285d00ecba6335c68b96a065dea9c5925f9523b27b963a4fbd93883c238
  Confirmed in block 155982477
  Approving 0x4CEb5C856794f0858241200a98eF18430c46Bbac -> 0x179d8F8c811B8C759c33809dbc6c5ceDc62D05DD for 139.451709812550220546 ...
  Attempt 1/3...
  Tx sent: 0x498eeae5508a6853442b8c060f83d14b03fac8e567e602c6d9f55b31eae262d8
  Confirmed in block 155982480
  Attempt 1/3...
  Tx sent: 0x36ab1fd97db528463066d0a0126f7b3e1a157928b311f66064b169b6d0bac428
  Confirmed in block 155982484
  ✅ Saved to ./merge-zcash-positions-execution.json

--- [15] ZAP1 — merging 139.451709812550220546 ---
  Approving 0x5D43E5830D6Bb5A865Dbe2a4eab85A98f36d9A48 -> 0x179d8F8c811B8C759c33809dbc6c5ceDc62D05DD for 139.451709812550220546 ...
  Attempt 1/3...
  Tx sent: 0xf806198302fd3550f875a3d7558342d784ba1c44f54cad90ba8d91927275b1e9
  Confirmed in block 155982487
  Approving 0x536B431A22CE9D09d36455B1950d22165DAF6aB4 -> 0x179d8F8c811B8C759c33809dbc6c5ceDc62D05DD for 139.451709812550220546 ...
  Attempt 1/3...
  Tx sent: 0x39a2d9e37dcd345a8f1788378d58754c3036aa6d6ac38bbc1b9d4709cdbbbd1e
  Confirmed in block 155982492
  Approving 0xf356CF72312Bed611a1aEB778336351eDf06B5cE -> 0x179d8F8c811B8C759c33809dbc6c5ceDc62D05DD for 139.451709812550220546 ...
  Attempt 1/3...
  Tx sent: 0xe6688bfcd32d5116f255b24cc26889b48b353ff2cdc7d936f3d058b6afa54a70
  Confirmed in block 155982495
  Attempt 1/3...
  Tx sent: 0x57a6c7e411e5f61f7bdc51e30b3be2d2ca8144d1abdbf8ef0ca9e59d11b317c9
  Confirmed in block 155982500
  ✅ Saved to ./merge-zcash-positions-execution.json

--- [16] ZECBOOKS — merging 139.451709812550220546 ---
  Approving 0x072322e606Cd8BE426a10cCfa7b11a41dc532C0A -> 0x179d8F8c811B8C759c33809dbc6c5ceDc62D05DD for 139.451709812550220546 ...
  Attempt 1/3...
  Tx sent: 0x5bd4a88926a2c21610bf55824b0dec5f0399e547dafe0cf33c7a80db70c05836
  Confirmed in block 155982505
  Approving 0x19c04F7216aa17d484424803EA55A0cae66A237C -> 0x179d8F8c811B8C759c33809dbc6c5ceDc62D05DD for 139.451709812550220546 ...
  Attempt 1/3...
  Tx sent: 0x69092a46f8223f6b13ba98f4009f9559f6cd5fd1e84efbd758131cb5a1c4c473
  Confirmed in block 155982509
  Approving 0xcd15b679599C3e81c3d3AA80123911365aB31C1f -> 0x179d8F8c811B8C759c33809dbc6c5ceDc62D05DD for 139.451709812550220546 ...
  Attempt 1/3...
  Tx sent: 0x5cd142729086d7d3fbde5ac4682d4f1af4f3390ec31c3a2e8892d140f3b172ea
  Confirmed in block 155982512
  Attempt 1/3...
  Tx sent: 0xdb6e965aaed59108f70f08e127cca6a12a3922f773ed6a483bb04f2cd4a84d82
  Confirmed in block 155982515
  ✅ Saved to ./merge-zcash-positions-execution.json

--- [17] CIPHERPAY — merging 139.447746648203306297 ---
  Approving 0x5469755c89E69baB03a61bd6D73a640015242e69 -> 0x179d8F8c811B8C759c33809dbc6c5ceDc62D05DD for 139.447746648203306297 ...
  Attempt 1/3...
  Tx sent: 0xee5be904aa5c05001a1f51cafd66b968cda71c4768021fd9fc641a50f622fd6b
  Confirmed in block 155982519
  Approving 0xcfd4b84a89aF4fD1d33bdD74C7AEC215C2443d88 -> 0x179d8F8c811B8C759c33809dbc6c5ceDc62D05DD for 139.447746648203306297 ...
  Attempt 1/3...
  Tx sent: 0x2b7d34db75cf694fe9a09d6fb3b7786c490353f58e4bfbe92e7694e8791d2bd6
  Confirmed in block 155982523
  Approving 0x8a7dcF819B6fdF17Fb1d164FBf6890309bc5267E -> 0x179d8F8c811B8C759c33809dbc6c5ceDc62D05DD for 139.447746648203306297 ...
  Attempt 1/3...
  Tx sent: 0x3011227c3411276aef10e9ef5676f11b162827c75c14b1d3bda380361aac23f2
  Confirmed in block 155982526
  Attempt 1/3...
  Tx sent: 0x63c39b42123cf841cf27e7a328b613ddeb3afb3ef2ee47d61bed9a81cb00e05c
  Confirmed in block 155982531
  ✅ Saved to ./merge-zcash-positions-execution.json

--- [18] ZAFU — merging 139.451709812550220546 ---
  Approving 0x4c172fc0Cf9073C5ea413A7ebC7398bfB1CC472C -> 0x179d8F8c811B8C759c33809dbc6c5ceDc62D05DD for 139.451709812550220546 ...
  Attempt 1/3...
  Tx sent: 0x135682f85844bb1c6adc44ed5a03554e89790b0863cba0886cd9b01d1bb36c88
  Confirmed in block 155982535
  Approving 0x6092856669F7Eedf4c6E07105a96E9E14EF52EE2 -> 0x179d8F8c811B8C759c33809dbc6c5ceDc62D05DD for 139.451709812550220546 ...
  Attempt 1/3...
  Tx sent: 0xade94b2819474c3d8e30fd1dcee2d26617db07458d06aa9b077e5f11b73e86f8
  Confirmed in block 155982538
  Approving 0x2aE92D75C5cAB43783c37A2C8baF2a21C8fBa16B -> 0x179d8F8c811B8C759c33809dbc6c5ceDc62D05DD for 139.451709812550220546 ...
  Attempt 1/3...
  Tx sent: 0x2b2563fcac7f4bc861ca836de4a88a34ace553f2634a8ab7a42307956985d0c7
  Confirmed in block 155982541
  Attempt 1/3...
  Tx sent: 0xf5a9d26e16611ac56e808011078e08b28a92ccf10fae6d7fd697d103c7f221fe
  Confirmed in block 155982545
  ✅ Saved to ./merge-zcash-positions-execution.json

--- [19] ZAPP — merging 139.445325864997635176 ---
  Approving 0xdE73025E7bCf5650b9afD1F8f45678E7c55656d4 -> 0x179d8F8c811B8C759c33809dbc6c5ceDc62D05DD for 139.445325864997635176 ...
  Attempt 1/3...
  Tx sent: 0x03b5f7820b6d4c2c8350232044ad5d72891da32d9d2349446d1dc2ae87e3297b
  Confirmed in block 155982548
  Approving 0x39f0a7987F0B2a9cB78B35C935BB0eFaCeA42B82 -> 0x179d8F8c811B8C759c33809dbc6c5ceDc62D05DD for 139.445325864997635176 ...
  Attempt 1/3...
  Tx sent: 0xc636b9b0588754505a1fc16353c3f705b92020bd6eddbc07768123aa2810f4c8
  Confirmed in block 155982552
  Approving 0x74f3AC99F65c12e1DbF896D3eca739f95032B2BC -> 0x179d8F8c811B8C759c33809dbc6c5ceDc62D05DD for 139.445325864997635176 ...
  Attempt 1/3...
  Tx sent: 0x11c83970080eb9fdca763f2d3cd03adbd4644a0f6bda0b104ddf3dbd9de71020
  Confirmed in block 155982555
  Attempt 1/3...
  Tx sent: 0xe85ab41cae417e47ff7a8e64b9c2680e1bb7a358488d2bc6026b1affe112f911
  Confirmed in block 155982558
  ✅ Saved to ./merge-zcash-positions-execution.json

--- [20] HWSDK — merging 139.445325864997635176 ---
  Approving 0xE497cC87790e25D1Ba3C388b79c5759B92A53E8C -> 0x179d8F8c811B8C759c33809dbc6c5ceDc62D05DD for 139.445325864997635176 ...
  Attempt 1/3...
  Tx sent: 0x5b7116a45565df95cf9dbdb55ba5e0f997c43ed3cf666db9fc25c043bf3df5fa
  Confirmed in block 155982563
  Approving 0xA9980Ee502021d4E6906cff74374C24dDB49e4F2 -> 0x179d8F8c811B8C759c33809dbc6c5ceDc62D05DD for 139.445325864997635176 ...
  Attempt 1/3...
  Tx sent: 0xa23356dbc2d751243eeadb2e86ceaa85ca09e7548f473f5bc872f0af51edf134
  Confirmed in block 155982567
  Approving 0x096451451EeF3AEE60489366600D442971c5D110 -> 0x179d8F8c811B8C759c33809dbc6c5ceDc62D05DD for 139.445325864997635176 ...
  Attempt 1/3...
  Tx sent: 0x1a6a51d9ac459e39fee9901f40af2c824fa67269b5381f242f451942966061b2
  Confirmed in block 155982570
  Attempt 1/3...
  Tx sent: 0xe4923a4da68ce95cec0b89c7376707159f083c3ab60b924a7ba275e20cbd61f9
  Confirmed in block 155982574
  ✅ Saved to ./merge-zcash-positions-execution.json

--- [21] NOZY — merging 139.451709812550220546 ---
  Approving 0xa3335bab5994D51D451dF0399A9EF9a8Bc50b8B7 -> 0x179d8F8c811B8C759c33809dbc6c5ceDc62D05DD for 139.451709812550220546 ...
  Attempt 1/3...
  Tx sent: 0x2aef5d1b4c8fcba5c8d1e70133e115e11a3e8c292231a57046933bee500a106b
  Confirmed in block 155982579
  Approving 0xaF2932072667544c6Beba7B695dfEA896252d60A -> 0x179d8F8c811B8C759c33809dbc6c5ceDc62D05DD for 139.451709812550220546 ...
  Attempt 1/3...
  Tx sent: 0x871036e2ac4577c25eba97d0a1716eafb8d0aea1493a06a01113524b6828fc81
  Confirmed in block 155982584
  Approving 0xE2cD43993fA7af324A20BDD940E0B5563c771e10 -> 0x179d8F8c811B8C759c33809dbc6c5ceDc62D05DD for 139.451709812550220546 ...
  Attempt 1/3...
  Tx sent: 0xce8b3af4758d9286570a4dd9e1da6cc573b8a87b973d5aafb77d048bd2421e70
  Confirmed in block 155982588
  Attempt 1/3...
  Tx sent: 0x59a68fe836dbcef4949da9d118b75206dd8ff9b5ad991ee88c542816709e4855
  Confirmed in block 155982591
  ✅ Saved to ./merge-zcash-positions-execution.json

--- [22] THORSWAP — merging 139.451709812550220546 ---
  Approving 0x3906685605Bbc3b107613C77c078e065D0ccAE5C -> 0x179d8F8c811B8C759c33809dbc6c5ceDc62D05DD for 139.451709812550220546 ...
  Attempt 1/3...
  Tx sent: 0xd02fbb9c1a9872ce3cc76177f65f16d992d39f5d473aa0fdb8289c54cc190827
  Confirmed in block 155982595
  Approving 0x6ab6b9B720172B73667AE83fd712D49d5c868ecA -> 0x179d8F8c811B8C759c33809dbc6c5ceDc62D05DD for 139.451709812550220546 ...
  Attempt 1/3...
  Tx sent: 0xd244b19b6783a164923ebc33b6cee984ba3c43f9d782f8ba3dd94575d2d189eb
  Confirmed in block 155982600
  Approving 0x11418F9C7104639537e26Fd62fE520D6B9FE2823 -> 0x179d8F8c811B8C759c33809dbc6c5ceDc62D05DD for 139.451709812550220546 ...
  Attempt 1/3...
  Tx sent: 0x74c0576cbe00cdd763bfd74fd7e32fe43072e0198f9831ac6f67a2956e89624f
  Confirmed in block 155982605
  Attempt 1/3...
  Tx sent: 0x1524a2317fcca8990dbb3ebbf491f7df0b2570e94655afe3bd6c7d7b2dec8f6d
  Confirmed in block 155982610
  ✅ Saved to ./merge-zcash-positions-execution.json

--- [23] UNSTOPPABLE — merging 139.441363063495963412 ---
  Approving 0xE03D7063F268047BA5dDBAAA3ece1CA777fE70ff -> 0x179d8F8c811B8C759c33809dbc6c5ceDc62D05DD for 139.441363063495963412 ...
  Attempt 1/3...
  Tx sent: 0x0d58b1701632818ba6af4e25f43728e49e2a6d7343621810f7911d1de83cf361
  Confirmed in block 155982615
  Approving 0xb7295c351321ebD651528324AF9FA5B7Ebbe198c -> 0x179d8F8c811B8C759c33809dbc6c5ceDc62D05DD for 139.441363063495963412 ...
  Attempt 1/3...
  Tx sent: 0x7bde5fb57cebe396b5d65aac7598291422b4061fc3c662340729e9c7813d66b3
  Confirmed in block 155982620
  Approving 0x9D9fF2Ae8B76a670D253F0cE7a5CB164c901eB46 -> 0x179d8F8c811B8C759c33809dbc6c5ceDc62D05DD for 139.441363063495963412 ...
  Attempt 1/3...
  Tx sent: 0x5de7dda42836fea9d154911d365965b16a55aa2a664a785e727c2a162874c5df
  Confirmed in block 155982624
  Attempt 1/3...
  Tx sent: 0xfb9151a0905998ad63e0b22d66a8add7244cb59571cbf23f034a805c87c0d60d
  Confirmed in block 155982627
  ✅ Saved to ./merge-zcash-positions-execution.json

--- [24] ZCASHNAMES — merging 139.451709812550220546 ---
  Approving 0x15ff1f101bfB5fBB2D8FcE7458D333995c6cA30a -> 0x179d8F8c811B8C759c33809dbc6c5ceDc62D05DD for 139.451709812550220546 ...
  Attempt 1/3...
  Tx sent: 0x3989477592c27e18b723c074c597172f7d0c29f52b91eccb6240369768115f54
  Confirmed in block 155982630
  Approving 0x35DD8AD91E819B76b91319a9D9ACff39c7CF1a17 -> 0x179d8F8c811B8C759c33809dbc6c5ceDc62D05DD for 139.451709812550220546 ...
  Attempt 1/3...
  Tx sent: 0xe34539309d01c799c52ba8ea4ef7217ee8e3bf49a8ad4b9b8b54f4e25c8aa5dd
  Confirmed in block 155982633
  Approving 0xdEBb1577C672b07475ccE2D5C4F32DDCf48fdc53 -> 0x179d8F8c811B8C759c33809dbc6c5ceDc62D05DD for 139.451709812550220546 ...
  Attempt 1/3...
  Tx sent: 0x2521b12ed184ca3d7cc34c1d0589c82cec660a3d3d9025576c5620222ccc471c
  Confirmed in block 155982638
  Attempt 1/3...
  Tx sent: 0x477e7c5097d86300e24310faea7a0e4d5413555d1fcc5f1c7144f01f22fae247
  Confirmed in block 155982642
  ✅ Saved to ./merge-zcash-positions-execution.json

--- [25] FRONTIERSEC — merging 139.451709812550220546 ---
  Approving 0x8994C409978a640d2de6b11D2dbd72794989F508 -> 0x179d8F8c811B8C759c33809dbc6c5ceDc62D05DD for 139.451709812550220546 ...
  Attempt 1/3...
  Tx sent: 0xc76afffb351dfb0f475d7385e5470282bc0eda33694ccbad9d1df89b21c5192d
  Confirmed in block 155982646
  Approving 0x066279aF0d19382FFFDc2fBF8842058168f68d0a -> 0x179d8F8c811B8C759c33809dbc6c5ceDc62D05DD for 139.451709812550220546 ...
  Attempt 1/3...
  Tx sent: 0x3926ac08bf5143c8e805fcbcb4ee62d4ef7eae71da8098cca3672a4a35e153bd
  Confirmed in block 155982648
  Approving 0xF770ca84f5A7201B4dD35C61703831BbaA3204e1 -> 0x179d8F8c811B8C759c33809dbc6c5ceDc62D05DD for 139.451709812550220546 ...
  Attempt 1/3...
  Tx sent: 0xeac1dcf7f5c3c4960bd7159823044fd6c6a6576867906b5d1d27e969a250a1d8
  Confirmed in block 155982651
  Attempt 1/3...
  Tx sent: 0x1d17bdf28677ccd9f2ef82df0c48a42c9f96bd1051fb41d03933b2a7efb12a67
  Confirmed in block 155982655
  ✅ Saved to ./merge-zcash-positions-execution.json

--- [26] ZEBRACVE — merging 139.447746648203306297 ---
  Approving 0x81361090f60dB987307986DCff85A3F726278006 -> 0x179d8F8c811B8C759c33809dbc6c5ceDc62D05DD for 139.447746648203306297 ...
  Attempt 1/3...
  Tx sent: 0xda901b80c83139ffd47b9a8ead3b486aa31a59ffb2715ef3b720d8cf7147e6ed
  Confirmed in block 155982660
  Approving 0xCee609fB783D37788d53B940fDD81Df3fdea4b3f -> 0x179d8F8c811B8C759c33809dbc6c5ceDc62D05DD for 139.447746648203306297 ...
  Attempt 1/3...
  Tx sent: 0x940eb3cd3b48ca04f56e7a5d11bf735c52479dbb588b3e98eb8e7994376d4b29
  Confirmed in block 155982664
  Approving 0xA7aBFf70a87c34c19D00CC6341a64f78E2429709 -> 0x179d8F8c811B8C759c33809dbc6c5ceDc62D05DD for 139.447746648203306297 ...
  Attempt 1/3...
  Tx sent: 0x85ae5105d379f51be5d984e5e8b829da2e39df6915127d00f26258026cc074d5
  Confirmed in block 155982667
  Attempt 1/3...
  Tx sent: 0xfcf549ad840792fccd29a8346d5c6382936793b78eb5a27bcbb7aaf44f3e2522
  Confirmed in block 155982672
  ✅ Saved to ./merge-zcash-positions-execution.json

--- [27] BONUSIRONWOOD — merging 139.451709812550220546 ---
  Approving 0xb12161065f78BEBC0605CA824776Eca0e8CaB3c2 -> 0x179d8F8c811B8C759c33809dbc6c5ceDc62D05DD for 139.451709812550220546 ...
  Attempt 1/3...
  Tx sent: 0xc1b1aa8691815de7ee4cc08f188e4cff3a8c4e767e23d7e03373f61c9c128593
  Confirmed in block 155982677
  Approving 0x462900f36Cb99f667491B89802CC129252897592 -> 0x179d8F8c811B8C759c33809dbc6c5ceDc62D05DD for 139.451709812550220546 ...
  Attempt 1/3...
  Tx sent: 0xfce27fe4db0258e1a8714add9d1537e1dcc04a719edff18e313397f8f30014a9
  Confirmed in block 155982681
  Approving 0xc7267f855987d0a5d838E1185769B691e0891594 -> 0x179d8F8c811B8C759c33809dbc6c5ceDc62D05DD for 139.451709812550220546 ...
  Attempt 1/3...
  Tx sent: 0x553d0742a2e5a88b899bedfb360085a06c61ea683599d3708d7a95c7d22af39b
  Confirmed in block 155982684
  Attempt 1/3...
  Tx sent: 0xd946505695a81a054d676e9e56f3523b7ff6c977cc0f221cdaebe889627305bc
  Confirmed in block 155982687
  ✅ Saved to ./merge-zcash-positions-execution.json

--- [28] CIPHERSCAN — merging 139.451709812550220546 ---
  Approving 0xa6732AFA5Bf18DC403D9b4C32D5AD76845Fbe200 -> 0x179d8F8c811B8C759c33809dbc6c5ceDc62D05DD for 139.451709812550220546 ...
  Attempt 1/3...
  Tx sent: 0x88dd95ca36331cade2404a9bf0027fe7e7b6f1791020da05dd69fca9fdc4fd52
  Confirmed in block 155982690
  Approving 0x1A4e4cED1Efa0be79841aA726d80DfF9B08483ae -> 0x179d8F8c811B8C759c33809dbc6c5ceDc62D05DD for 139.451709812550220546 ...
  Attempt 1/3...
  Tx sent: 0xff7d200b7d20d2154e6fc7dc45e2860545b9a4be5289a2e2c0d52679cee8822b
  Confirmed in block 155982693
  Approving 0x58cCfbB574c7359dc82DacE75772Ca0f29049ba7 -> 0x179d8F8c811B8C759c33809dbc6c5ceDc62D05DD for 139.451709812550220546 ...
  Attempt 1/3...
  Tx sent: 0x34e0b016c29d67e4b3d7448c9c904a2be0a722f11c5886dac12e2574e7f50468
  Confirmed in block 155982696
  Attempt 1/3...
  Tx sent: 0xaacaa0260d67fc946806c3e99b3caf98614e183544a6fb733026cf1bab6d1a36
  Confirmed in block 155982700
  ✅ Saved to ./merge-zcash-positions-execution.json

--- [29] MINTEXPLOIT — merging 139.445325864997635176 ---
  Approving 0xDaeA18eb86c017259EC2aec482b5FCd8D8323314 -> 0x179d8F8c811B8C759c33809dbc6c5ceDc62D05DD for 139.445325864997635176 ...
  Attempt 1/3...
  Tx sent: 0x85b0e03b0d3418d8abca6ad36689bb9b085ad83fce1aff09492b76a7e4c070ee
  Confirmed in block 155982703
  Approving 0xa7F7a38C36BAbA1c233Fc03b3A2a2ED4b6D03Ae7 -> 0x179d8F8c811B8C759c33809dbc6c5ceDc62D05DD for 139.445325864997635176 ...
  Attempt 1/3...
  Tx sent: 0x16a35df9665d8ddf8f89b46b7c122124c4b255258b4b1a269a3848aae58f1b60
  Confirmed in block 155982706
  Approving 0x11D691c5E20344f2F273342f5bEe5576d4134f87 -> 0x179d8F8c811B8C759c33809dbc6c5ceDc62D05DD for 139.445325864997635176 ...
  Attempt 1/3...
  Tx sent: 0x2cb16470b138f56ff9535324f97ee00c766eafa2b38881b6ba0c3c678d680c87
  Confirmed in block 155982709
  Attempt 1/3...
  Tx sent: 0x21d8c5e059cfd8ae4fd958b7e58619eac1fe02adbdc5ae75dccae03bfff4bc05
  Confirmed in block 155982714
  ✅ Saved to ./merge-zcash-positions-execution.json

--- [30] ZEBRACONSENSUS — merging 139.447746648203306297 ---
  Approving 0xa6B4e845dD137ee5e5AA814aCD928Fd0a05F76D1 -> 0x179d8F8c811B8C759c33809dbc6c5ceDc62D05DD for 139.447746648203306297 ...
  Attempt 1/3...
  Tx sent: 0x8de2eef8694ae3671ee100edbbab8d37144952ad2212f8586dafd13710fe5bdf
  Confirmed in block 155982717
  Approving 0xccCE3AEC0d7e411AEA3e4e5F4EcD6796F3BB296A -> 0x179d8F8c811B8C759c33809dbc6c5ceDc62D05DD for 139.447746648203306297 ...
  Attempt 1/3...
  Tx sent: 0x8f6d77b9e0fb64866b6829213e58e75084a0e1d1fe86b5a97eef5c3ec013b298
  Confirmed in block 155982720
  Approving 0xEC10e6bAC49a4033a5B3E0ee9c1B5EF88968b1DD -> 0x179d8F8c811B8C759c33809dbc6c5ceDc62D05DD for 139.447746648203306297 ...
  Attempt 1/3...
  Tx sent: 0x6d9aea1803857ac7b1e651e20398351766a65214d2e92cfaeb8974a503b840c5
  Confirmed in block 155982724
  Attempt 1/3...
  Tx sent: 0xc421e7648a191a98249dd860309b6fc979141ae65aac676cd94665df7ac26be5
  Confirmed in block 155982727
  ✅ Saved to ./merge-zcash-positions-execution.json

--- [31] ZECROCKS — merging 139.451709812550220546 ---
  Approving 0x99534C2f36C0EDD0f276d218ab4E9C7D226E6b4D -> 0x179d8F8c811B8C759c33809dbc6c5ceDc62D05DD for 139.451709812550220546 ...
  Attempt 1/3...
  Tx sent: 0xa6e147d020333c7ef60239d0e0988d3568d8aff564def12acd7a10c83c82afd2
  Confirmed in block 155982730
  Approving 0x351F6E7b2Ce6936392A6b1bED8216c06F2f6980b -> 0x179d8F8c811B8C759c33809dbc6c5ceDc62D05DD for 139.451709812550220546 ...
  Attempt 1/3...
  Tx sent: 0xf1c315a9e4378f52436ab473c44456e71113ee6cc616451db6aa80c92de5eb4b
  Confirmed in block 155982733
  Approving 0x401C3920866A73F1024139062B7Eb08B5E7fAcA9 -> 0x179d8F8c811B8C759c33809dbc6c5ceDc62D05DD for 139.451709812550220546 ...
  Attempt 1/3...
  Tx sent: 0x1779fbae0835a1d0a81393e58744d0b130818c400a013aed583137f74573941d
  Confirmed in block 155982736
  Attempt 1/3...
  Tx sent: 0x93ede573ab9e0973f4c696f1ab09462774da2b1341206ca3a4613b3fa934de36
  Confirmed in block 155982740
  ✅ Saved to ./merge-zcash-positions-execution.json

--- [32] VALARAUDIT — merging 139.447746648203306297 ---
  Approving 0x2f12d011a46dEA4EDC14Bcc390B1bC6F49eBafee -> 0x179d8F8c811B8C759c33809dbc6c5ceDc62D05DD for 139.447746648203306297 ...
  Attempt 1/3...
  Tx sent: 0x0008415a2103dfc0e779e02ff1b43dbb81224c94c4118b17a6810e6a96c13272
  Confirmed in block 155982743
  Approving 0xf1aD2087103Bf520249344a6D59056941Df440A2 -> 0x179d8F8c811B8C759c33809dbc6c5ceDc62D05DD for 139.447746648203306297 ...
  Attempt 1/3...
  Tx sent: 0xd5b3f8c70926ad023f44971c9679ccec45dd95c6a9726d0cacfdeacf6c9a2da3
  Confirmed in block 155982747
  Approving 0x78b6664a4A5731E3FfE87c25421787bb067e0b4e -> 0x179d8F8c811B8C759c33809dbc6c5ceDc62D05DD for 139.447746648203306297 ...
  Attempt 1/3...
  Tx sent: 0x04b27b87c21c1f143e4b185772899b90d450b72bdc98d56b17b237cb41fe8c6a
  Confirmed in block 155982751
  Attempt 1/3...
  Tx sent: 0x46a77c97a266fb1cdde73f9130f0dbec322a4ba67e97c9ef69026b25bed95dd3
  Confirmed in block 155982754
  ✅ Saved to ./merge-zcash-positions-execution.json

--- [33] TACHYON — merging 139.447746648203306297 ---
  Approving 0x36CEaB5d6fc30c5D84922Ba2Be3c8b93C64A9614 -> 0x179d8F8c811B8C759c33809dbc6c5ceDc62D05DD for 139.447746648203306297 ...
  Attempt 1/3...
  Tx sent: 0x8fd15629d1a7c413b77a3b3bec403c0f5c08a82ebf0c294249cf25c45a05ffa3
  Confirmed in block 155982757
  Approving 0xE86805aA2293b2c93025d15fdb87D112EF72C0Ac -> 0x179d8F8c811B8C759c33809dbc6c5ceDc62D05DD for 139.447746648203306297 ...
  Attempt 1/3...
  Tx sent: 0x1f3d0f284b8efe6f2a02cd8bf9e7bbe6daed35dff24084d08eaf6288c112b637
  Confirmed in block 155982761
  Approving 0x07062E924615447CE1be7C5F7007C22200aAeBa1 -> 0x179d8F8c811B8C759c33809dbc6c5ceDc62D05DD for 139.447746648203306297 ...
  Attempt 1/3...
  Tx sent: 0x749d6913fb6c6bf1e10cef38ba28519aa4b9d466553258b699e8d13e9bc0295c
  Confirmed in block 155982764
  Attempt 1/3...
  Tx sent: 0x20d570eb78074e96ad9e15667403c53424b2fc7143e87012e871fe45128fdf96
  Confirmed in block 155982767
  ✅ Saved to ./merge-zcash-positions-execution.json

--- [34] ORCHARDBOUNTY — merging 139.447746648203306297 ---
  Approving 0x1C4900d1Be2eD0eC4E16dEf0edD3Eb7F8b19039f -> 0x179d8F8c811B8C759c33809dbc6c5ceDc62D05DD for 139.447746648203306297 ...
  Attempt 1/3...
  Tx sent: 0x814ba923108de3a54b9ac547d6b94ab367602f932e8605db235d4350c4dea298
  Confirmed in block 155982771
  Approving 0xe20c4c16dFDA999a0a9661bF9fbcab84f5dA274A -> 0x179d8F8c811B8C759c33809dbc6c5ceDc62D05DD for 139.447746648203306297 ...
  Attempt 1/3...
  Tx sent: 0xdefa4523f60c2d3132801af5690ba82af542534e6b43381f1854f0931c72802c
  Confirmed in block 155982774
  Approving 0xA0Eaca66A10CE7194A6A6A2519581D1073Ab0a9c -> 0x179d8F8c811B8C759c33809dbc6c5ceDc62D05DD for 139.447746648203306297 ...
  Attempt 1/3...
  Tx sent: 0x6c4e3b1f8a1dd87ab47860dab83c7decfff6d41c431a897c2d58b723ef8637ec
  Confirmed in block 155982777
  Attempt 1/3...
  Tx sent: 0xea0ee434f1806d6d289a8fedc8f61d79a22eb457d3629f9e219e13f8ca5889ba
  Confirmed in block 155982780
  ✅ Saved to ./merge-zcash-positions-execution.json

--- [35] BONUSORCHARD — merging 139.413677161025056372 ---
  Approving 0x3F838f548308B0Be41F5F75B0B14D4248b6fCC19 -> 0x179d8F8c811B8C759c33809dbc6c5ceDc62D05DD for 139.413677161025056372 ...
  Attempt 1/3...
  Tx sent: 0xfdcf9e268d2f614beb972e344e56af49ac20144fdf20bf21f6c4e58c0d57b396
  Confirmed in block 155982785
  Approving 0x18B28d020d4d27b574861840322dfCC3432f596F -> 0x179d8F8c811B8C759c33809dbc6c5ceDc62D05DD for 139.413677161025056372 ...
  Attempt 1/3...
  Tx sent: 0xb9fc8665a1d18969bc0d83b349d97ede4eedd19d5a6ae93e6f0bf7d713a3f007
  Confirmed in block 155982789
  Approving 0x5cd7447759274912485588c8D753e02c47f50B1f -> 0x179d8F8c811B8C759c33809dbc6c5ceDc62D05DD for 139.413677161025056372 ...
  Attempt 1/3...
  Tx sent: 0x79b8dde084ee1108dc014086ce02cde8dcf383c6985ce67db57a78ee1c5f265c
  Confirmed in block 155982792
  Attempt 1/3...
  Tx sent: 0xe287758d3714606e9be26cf10be446a0f15c1845adad07ede921657a3c2cea52
  Confirmed in block 155982796
  ✅ Saved to ./merge-zcash-positions-execution.json

--- [36] VALARIRONWOOD — merging 139.413677161025056372 ---
  Approving 0x2aa0Bc400C00482234a93083c852211F8D85c86a -> 0x179d8F8c811B8C759c33809dbc6c5ceDc62D05DD for 139.413677161025056372 ...
  Attempt 1/3...
  Tx sent: 0x4f41d667884bb012d3862ca50aee833c87aa3f4362c5992e519a692cbddecf1b
  Confirmed in block 155982799
  Approving 0x06fB380b6aCb813ff5BBC162f254DF27f1090E07 -> 0x179d8F8c811B8C759c33809dbc6c5ceDc62D05DD for 139.413677161025056372 ...
  Attempt 1/3...
  Tx sent: 0x450ba4bf0e50188a1070f62ce6c971edd6daaeb11b1a400bf2a17ecc672be29d
  Confirmed in block 155982803
  Approving 0x823261ec9B50ACc4e493aeb1729B60af2e03DF26 -> 0x179d8F8c811B8C759c33809dbc6c5ceDc62D05DD for 139.413677161025056372 ...
  Attempt 1/3...
  Tx sent: 0x1718735c9bbd46ef43d2a4163e4e419541fced9655f95e5c3c5051fc7e72ccf7
  Confirmed in block 155982806
  Attempt 1/3...
  Tx sent: 0xd8920b7c8e72546985a78be56f0e11037643c4a0aa1114b66627b6f62f0b6392
  Confirmed in block 155982810
  ✅ Saved to ./merge-zcash-positions-execution.json

--- [37] ZODL — merging 139.394856497484905829 ---
  Approving 0xd8fd3713f7BBAa0B34269666cC071fAD85Bb0638 -> 0x179d8F8c811B8C759c33809dbc6c5ceDc62D05DD for 139.394856497484905829 ...
  Attempt 1/3...
  Tx sent: 0xa7961f50a08fda33320ad2b51a2709fe31e829e26edf29668cc3c0daa60a2550
  Confirmed in block 155982813
  Approving 0x085dbdd74787219b190dA52cB02f93E1134Cab4F -> 0x179d8F8c811B8C759c33809dbc6c5ceDc62D05DD for 139.394856497484905829 ...
  Attempt 1/3...
  Tx sent: 0xe3b438a2f18366df7ef19946c6a0a69daff0a9913e710628534f5db3d9d1fff1
  Confirmed in block 155982816
  Approving 0xBf5F97181A899B9116e7aBfCc67FAD2C342B348D -> 0x179d8F8c811B8C759c33809dbc6c5ceDc62D05DD for 139.394856497484905829 ...
  Attempt 1/3...
  Tx sent: 0x1e231801fb998c4ba59b1d432de372fd83520de76655496b38ce3c707b74aea3
  Confirmed in block 155982820
  Attempt 1/3...
  Tx sent: 0x45a8836ed7cd3cc40930cefe32837a1bab14c8c837f80956b64cf1e7484ad602
  Confirmed in block 155982822
  ✅ Saved to ./merge-zcash-positions-execution.json

🎉 Done! 37/37 markets merged.
   sUSDS 19391.99877338080850337 → 24551.436396812131137804 (+5159.437623431322634434)
