
📋 Wallet  : 0x00DC3E0AcAdB8dBA21BB08fF30540222FF8836e0
📋 DRY_RUN : false
(node:17920) [MODULE_TYPELESS_PACKAGE_JSON] Warning: Module type of file:///D:/Code/liquidity/merge-zcash-nu7-positions.js is not specified and it doesn't parse as CommonJS.
Reparsing as ES module because module syntax was detected. This incurs a performance overhead.
To eliminate this warning, add "type": "module" to D:\Code\liquidity\package.json.
(Use `node --trace-warnings ...` to show where the warning was created)

🔍 Step 1: resolving 5 markets and reading balances...

   [1] Q1 — 4 slots
             319.1394  Smooth issuance curve                           
             320.1881  Preserve halvings                                 (+1.0487 leftover)
             319.8881  Do not include issuance smoothing in NU7          (+0.7487 leftover)
             319.8881  Invalid result                                    (+0.7487 leftover)
             319.1394  MERGEABLE (min of the set)                      

   [2] Q2 — 4 slots
             583.2106  As soon as possible                             
             583.2106  February 2027 regardless of the outcome of Q1   
             583.2106  February 2031 regardless of the outcome of Q1   
             583.2106  Invalid result                                    (+0.0000 leftover)
             583.2106  MERGEABLE (min of the set)                      

   [3] Q3 — 4 slots
             635.3868  Immediately at NU7 activation                   
             635.3868  One year after this poll concludes              
             635.3868  Do not set a date to disable v4 transactions    
             635.3868  Invalid result                                    (+0.0000 leftover)
             635.3868  MERGEABLE (min of the set)                      

   [4] Q4 — 3 slots
             102.8852  Yes                                               (+1.6352 leftover)
             101.2499  No                                              
             102.7352  Invalid result                                    (+1.4852 leftover)
             101.2499  MERGEABLE (min of the set)                      

   [5] Q5 — 4 slots
             388.8467  Ship NU7 as soon as possible, removing any featu
             388.8467  Delay NU7 until every applicable approved featur
             388.8467  I do not support this NU7 plan                  
             388.8467  Invalid result                                    (+0.0000 leftover)
             388.8467  MERGEABLE (min of the set)                      

   Recoverable  : 2027.833326288952569839 sUSDS over 5 markets
   Stranded     : 5.666643043212236492 outcome tokens (imbalance from trading)
   sUSDS now    : 40807.478603743513751368
   sUSDS after  : 42835.311930032466321207

🔀 Step 3: merging 5 markets


--- [1] Q1 — merging 319.139358039853873846 ---
  Approving 0xB7eCbf3F2Ee1d2549eCc223763388250c47B31F7 -> 0x179d8F8c811B8C759c33809dbc6c5ceDc62D05DD for 319.139358039853873846 ...
  Attempt 1/3...
  Tx sent: 0xee34b4c1860d139ae7f54d6c55eed718fb860470c00ba82d0da415053eca3c85
  Confirmed in block 156803370
  Approving 0x6F595fd3F50c0eF21DF6159Cf1D19fB635d00358 -> 0x179d8F8c811B8C759c33809dbc6c5ceDc62D05DD for 319.139358039853873846 ...
  Attempt 1/3...
  Tx sent: 0x5c6c32ff5119284db973d369b39a25e303d88f8670e2aa8a41fe16cd89c4ca76
  Confirmed in block 156803372
  Approving 0x10c314aDaC6B17c606bA58103769ec86Bd3a716F -> 0x179d8F8c811B8C759c33809dbc6c5ceDc62D05DD for 319.139358039853873846 ...
  Attempt 1/3...
  Tx sent: 0xdedd2deca24fad313fed14551474074429eafb923a1b2fb54a3833112463deee
  Confirmed in block 156803374
  Approving 0x5c49022b0Bf9d031b3dc407038C2010771AD7007 -> 0x179d8F8c811B8C759c33809dbc6c5ceDc62D05DD for 319.139358039853873846 ...
  Attempt 1/3...
  Tx sent: 0x773774e5e714fa7b7a95cb7d884ebf9225d6a89abc2ca64ab13c36118c5ae3f5
  Confirmed in block 156803377
  Attempt 1/3...
  Tx sent: 0xaa8a7a8cd1260b354a16dc0c8b17a18d952418a0a7e01ef57a77c76b00f0a96c
  Confirmed in block 156803381
  ✅ Saved to ./merge-zcash-nu7-positions-v3-execution.json

--- [2] Q2 — merging 583.210566286833494469 ---
  Approving 0xFF08165A419d755cC0B62B4EcA52590011713558 -> 0x179d8F8c811B8C759c33809dbc6c5ceDc62D05DD for 583.210566286833494469 ...
  Attempt 1/3...
  Tx sent: 0x3425a7dc2eb23f43be6014d1eca76da481bf924fac09888011876cb40cdf8fe5
  Confirmed in block 156803385
  Approving 0x53dcb9C90c7FbFa0cE87C897dbbc4B4aE2f4cDc3 -> 0x179d8F8c811B8C759c33809dbc6c5ceDc62D05DD for 583.210566286833494469 ...
  Attempt 1/3...
  Tx sent: 0x6b81259c21647fc227cf63dfd041a0702d21700a62c61fa4940db9367d8f8733
  Confirmed in block 156803387
  Approving 0x0760B934b21bA959c1e98731FBce639215aBA572 -> 0x179d8F8c811B8C759c33809dbc6c5ceDc62D05DD for 583.210566286833494469 ...
  Attempt 1/3...
  Tx sent: 0x5317d18c602faf5c4fcc6affef8cf356f7013b54e1f5cb9452bcb9277740266e
  Confirmed in block 156803390
  Approving 0x3CB6167126cC1307571D0AbF01d5a8AE6C8bf304 -> 0x179d8F8c811B8C759c33809dbc6c5ceDc62D05DD for 583.210566286833494469 ...
  Attempt 1/3...
  Tx sent: 0xc128ae54df26e932af1190325096dd2d8b6c75dd2b783d0a60c77f14b2b22121
  Confirmed in block 156803393
  Attempt 1/3...
  Tx sent: 0x1a550b701cff1432ec02e14f82ad529cfd1309e53e9918c370e547c4b242c69a
  Confirmed in block 156803395
  ✅ Saved to ./merge-zcash-nu7-positions-v3-execution.json

--- [3] Q3 — merging 635.386750869479642701 ---
  Approving 0xab30Cc3E515bf24fbFa47D0d0A54Ac3342e71d45 -> 0x179d8F8c811B8C759c33809dbc6c5ceDc62D05DD for 635.386750869479642701 ...
  Attempt 1/3...
  Tx sent: 0xe76827d6232351b037313e02daef93adccbe6f2cbb4b2ce4ed27064b6ad7b80c
  Confirmed in block 156803398
  Approving 0x757d6A2A80c28Ab8d2241C7d1611f74489568881 -> 0x179d8F8c811B8C759c33809dbc6c5ceDc62D05DD for 635.386750869479642701 ...
  Attempt 1/3...
  Tx sent: 0x05619f661401e50f5eb0654d3ee0e3eb6e217df68e0cfaafcfc21d4cb3055787
  Confirmed in block 156803402
  Approving 0x425B9e68c68Abef4cb90A449A46c41640A0ee2F3 -> 0x179d8F8c811B8C759c33809dbc6c5ceDc62D05DD for 635.386750869479642701 ...
  Attempt 1/3...
  Tx sent: 0xdecae4b01a32939791affae24a91a392017456040d74c51448668a41c84c064a
  Confirmed in block 156803406
  Approving 0x827baB4860c9B6db3B524E52dBcc17aB988CF454 -> 0x179d8F8c811B8C759c33809dbc6c5ceDc62D05DD for 635.386750869479642701 ...
  Attempt 1/3...
  Tx sent: 0x1ee4a2b0f7d6138bd8544f628203c94f498e8b614a7eaac4d49daa6d1fd45716
  Confirmed in block 156803409
  Attempt 1/3...
  Tx sent: 0x22ffd22a665afde78707fa3bc62853ae40e3593a930eedcbe387bc3dd1214b61
  Confirmed in block 156803413
  ✅ Saved to ./merge-zcash-nu7-positions-v3-execution.json

--- [4] Q4 — merging 101.249934485467186964 ---
  Approving 0xc63fc0CD70785D46f7bF8279939A448376C9f989 -> 0x179d8F8c811B8C759c33809dbc6c5ceDc62D05DD for 101.249934485467186964 ...
  Attempt 1/3...
  Tx sent: 0x703ca757cebba75ba65c7457e3c048ce80add55c6f46208e22eae9875dafea4d
  Confirmed in block 156803417
  Approving 0x39136b6d2Aa4fDa393DC205a1Bfe210EC9d4ca6a -> 0x179d8F8c811B8C759c33809dbc6c5ceDc62D05DD for 101.249934485467186964 ...
  Attempt 1/3...
  Tx sent: 0xf30ec875586239b1b5a80f962b5678d539333a1afa5f0dd8614ba5a502aec8da
  Confirmed in block 156803421
  Approving 0x055b70cbb8dEcEBb9e6e2a8021c103917844f914 -> 0x179d8F8c811B8C759c33809dbc6c5ceDc62D05DD for 101.249934485467186964 ...
  Attempt 1/3...
  Tx sent: 0x62c159bf0c61112fec7558bff728677e94eb3a47c32be0554d6ad2544a30cfac
  Confirmed in block 156803424
  Attempt 1/3...
  Tx sent: 0x7080af087731fe8ee56ef453ecc7d871ff61a1cad580a1a473f596ca4e474422
  Confirmed in block 156803428
  ✅ Saved to ./merge-zcash-nu7-positions-v3-execution.json

--- [5] Q5 — merging 388.846716607318371859 ---
  Approving 0x7D4Bc377fAC1f1bA5fCC25F3599a70a821592667 -> 0x179d8F8c811B8C759c33809dbc6c5ceDc62D05DD for 388.846716607318371859 ...
  Attempt 1/3...
  Tx sent: 0xf97fa9d1ed9f47fb3697035533078e14e152cf7eb1da109743695292df0deeb4
  Confirmed in block 156803431
  Approving 0x5923F0810D5f4188F3D8164c0f4Df7CCFFAB1db0 -> 0x179d8F8c811B8C759c33809dbc6c5ceDc62D05DD for 388.846716607318371859 ...
  Attempt 1/3...
  Tx sent: 0xad8c9d3bab4f3b9a28139c8985892668f00924e5ccd2e65b8d2a94de46647ae0
  Confirmed in block 156803435
  Approving 0x669E0c9C605aaEDFff1F375fCb6ebb2D5BbfB719 -> 0x179d8F8c811B8C759c33809dbc6c5ceDc62D05DD for 388.846716607318371859 ...
  Attempt 1/3...
  Tx sent: 0x2ff277d092099b3a8d0cf97506e7bc9c92cfae6575c3161182d555f8ce4d0609
  Confirmed in block 156803440
  Approving 0x12E1F677b221Cf2FF6c71Ed996cCf3fa5f8d4DD9 -> 0x179d8F8c811B8C759c33809dbc6c5ceDc62D05DD for 388.846716607318371859 ...
  Attempt 1/3...
  Tx sent: 0x458098d01b04a9f0a4fdc8542c7a6bafcc738150dc4b83442302ab723ee53952
  Confirmed in block 156803444
  Attempt 1/3...
  Tx sent: 0x90f9a112b0b3712bbe4d0e8418bcc8a71b882ef0fb0049a8a49c4e6f954bd1b3
  Confirmed in block 156803448
  ✅ Saved to ./merge-zcash-nu7-positions-v3-execution.json

🎉 Done! 5/5 markets merged.
   sUSDS 40807.478603743513751368 → 42835.311930032466321207 (+2027.833326288952569839)
