
📋 Wallet   : 0x00DC3E0AcAdB8dBA21BB08fF30540222FF8836e0
📋 DRY_RUN  : false
📋 Markets  : A 0x3220A208aAf4D2ceECDe5A2e21eC0C9145f40BA6
              B 0xfea47428981f70110c64dd678889826c3627245b

(node:2564) [MODULE_TYPELESS_PACKAGE_JSON] Warning: Module type of file:///D:/Code/liquidity/answer-l1-markets.js is not specified and it doesn't parse as CommonJS.
Reparsing as ES module because module syntax was detected. This incurs a performance overhead.
To eliminate this warning, add "type": "module" to D:\Code\liquidity\package.json.
(Use `node --trace-warnings ...` to show where the warning was created)
📄 ./l1weightsForResolution.csv: 98 data row(s) parsed
🧮 CSV weights sum to 0.9999999998

🔗 Market A  0x3220A208aAf4D2ceECDe5A2e21eC0C9145f40BA6
   What will be the juror weight (computed through Huber loss minimization in the log domain with δ = 1.345σ) of [repository] in the second round of the deepfunding experiment?
   templateId 1 | bounds 0..1000000000000000000 | outcomes 68 | questions 67 | payoutReported false

🔗 Market B  0xfea47428981f70110c64dd678889826c3627245b
   What will be the juror weight (computed through Huber loss minimization in the log domain with δ = 1.345σ) of [repository] in the second round of the deepfunding experiment?
   templateId 1 | bounds 0..1000000000000000000 | outcomes 33 | questions 32 | payoutReported false

📊 Market A — 67 answer(s)
    #  outcome                                             weight          answer (wei)
    0  ethereum/go-ethereum                                 0.0456649495  45664949500000000
    1  argotorg/solidity                                    0.0452813548  45281354800000000
    2  foundry-rs/foundry                                   0.0271170673  27117067300000000
    3  OpenZeppelin/openzeppelin-contracts                  0.0319796862  31979686200000000
    4  ethereum/consensus-specs                             0.0432632546  43263254600000000
    5  OffchainLabs/prysm                                   0.0252864375  25286437500000000
    6  ethereum/EIPs                                        0.0420340109  42034010900000000
    7  ethers-io/ethers.js                                  0.0150753758  15075375800000000
    8  NomicFoundation/hardhat                              0.0214837921  21483792100000000
    9  sigp/lighthouse                                       0.021292866  21292866000000000
   10  flashbots/mev-boost                                  0.0148377884  14837788400000000
   11  erigontech/erigon                                    0.0079207642  7920764200000000
   12  remix-project-org/remix-project                      0.0088093756  8809375600000000
   13  wighawag/hardhat-deploy                              0.0051659098  5165909800000000
   14  Consensys/teku                                       0.0098355659  9835565900000000
   15  ethereum/execution-apis                               0.026261322  26261322000000000
   16  supranational/blst                                   0.0322558057  32255805700000000
   17  NethermindEth/nethermind                             0.0420546824  42054682400000000
   18  hyperledger/besu                                     0.0139662909  13966290900000000
   19  wevm/viem                                            0.0240571647  24057164700000000
   20  libp2p/libp2p                                        0.0208826396  20882639600000000
   21  ethereum/js-ethereum-cryptography                    0.0128889075  12888907500000000
   22  ethereum/web3.py                                     0.0050746467  5074646700000000
   23  paradigmxyz/reth                                     0.0073826253  7382625300000000
   24  Vectorized/solady                                    0.0065578117  6557811700000000
   25  safe-global/safe-smart-account                       0.0274380044  27438004400000000
   26  blockscout/blockscout                                0.0087106657  8710665700000000
   27  flashbots/mev-boost-relay                            0.0114741802  11474180200000000
   28  scaffold-eth/scaffold-eth-2                          0.0029533244  2953324400000000
   29  argotorg/sourcify                                    0.0055631203  5563120300000000
   30  vyperlang/vyper                                      0.0084217785  8421778500000000
   31  ethereum/py_ecc                                      0.0044673171  4467317100000000
   32  Nethereum/Nethereum                                  0.0105537525  10553752500000000
   33  LFDT-web3j/web3j                                     0.0090318933  9031893300000000
   34  l2beat/l2beat                                        0.0168007357  16800735700000000
   35  ChainSafe/lodestar                                   0.0081095541  8109554100000000
   36  Consensys/gnark-crypto                               0.0139931934  13993193400000000
   37  eth-infinitism/account-abstraction                    0.010405335  10405335000000000
   38  arkworks-rs/algebra                                  0.0036167016  3616701600000000
   39  paulmillr/noble-curves                               0.0031381719  3138171900000000
   40  DefiLlama/DefiLlama-Adapters                         0.0060169541  6016954100000000
   41  flashbots/rbuilder                                   0.0133954457  13395445700000000
   42  ChainSafe/bls                                        0.0015828361  1582836100000000
   43  taikoxyz/taiko-mono                                  0.0048679914  4867991400000000
   44  wealdtech/ethdo                                      0.0022570143  2257014300000000
   45  protofire/solhint                                    0.0066525111  6652511100000000
   46  herumi/mcl                                           0.0045958574  4595857400000000
   47  ipsilon/evmone                                       0.0022766533  2276653300000000
   48  shazow/whatsabi                                      0.0017631491  1763149100000000
   49  ethereum-lists/chains                                0.0025507464  2550746400000000
   50  argotorg/hevm                                        0.0014166968  1416696800000000
   51  status-im/nimbus-eth2                                 0.009443012  9443012000000000
   52  Plonky3/Plonky3                                      0.0167744721  16774472100000000
   53  TrueBlocks/trueblocks-core                           0.0022541481  2254148100000000
   54  ethstaker/eth-docker                                 0.0123549564  12354956400000000
   55  Certora/CertoraProver                                0.0049050468  4905046800000000
   56  erigontech/silkworm                                  0.0063216094  6321609400000000
   57  ApeWorX/ape                                          0.0024180645  2418064500000000
   58  intellij-solidity/intellij-solidity                  0.0012521644  1252164400000000
   59  smartcontracts/simple-optimism-node                  0.0030639049  3063904900000000
   60  succinctlabs/op-succinct                             0.0037709208  3770920800000000
   61  succinctlabs/sp1                                     0.0090043743  9004374300000000
   62  a16z/halmos                                          0.0015093785  1509378500000000
   63  0xMiden/miden-vm                                     0.0025693861  2569386100000000
   64  dappnode/DAppNode                                    0.0061029966  6102996600000000
   65  EspressoSystems/jellyfish                            0.0014488053  1448805300000000
   66  Other repositories not present on the market creat   0.1683230807  168323080700000000

📊 Market B — 32 answer(s)
    #  outcome                                             weight          answer (wei)
    0  otterscan/otterscan                                  0.0016786693  1678669300000000
    1  risc0/risc0-ethereum                                 0.0177003449  17700344900000000
    2  aestus-relay/mev-boost-relay                         0.0024887979  2488797900000000
    3  Commit-Boost/commit-boost-client                     0.0022640677  2264067700000000
    4  edb-rs/edb                                           0.0008865587  886558700000000
    5  alloy-rs/alloy                                       0.0014811491  1481149100000000
    6  OffchainLabs/stylus-sdk-rs                           0.0033052731  3305273100000000
    7  DefiLlama/chainlist                                  0.0039353206  3935320600000000
    8  a16z/helios                                          0.0027037694  2703769400000000
    9  grandinetech/grandine                                0.0030822674  3082267400000000
   10  axiom-crypto/snark-verifier                          0.0017935514  1793551400000000
   11  ethstaker/ethstaker-deposit-cli                        0.00222637  2226370000000000
   12  skalenetwork/libBLS                                  0.0019079439  1907943900000000
   13  ethpandaops/ethereum-helm-charts                     0.0037666831  3766683100000000
   14  holiman/goevmlab                                     0.0360415414  36041541400000000
   15  ethpandaops/checkpointz                              0.0035214005  3521400500000000
   16  lambdaclass/lambdaworks                              0.0021192938  2119293800000000
   17  powdr-labs/powdr                                     0.0026226812  2622681200000000
   18  Cyfrin/aderyn                                        0.0427614786  42761478600000000
   19  NethermindEth/juno                                   0.0042639582  4263958200000000
   20  ethdebug/format                                         0.0016179  1617900000000000
   21  argotorg/fe                                          0.0021250459  2125045900000000
   22  succinctlabs/rsp                                     0.0009172964  917296400000000
   23  vyperlang/titanoboa                                  0.0019119473  1911947300000000
   24  lambdaclass/ethrex                                   0.0020380487  2038048700000000
   25  deepfunding/dependency-graph                         0.0014285214  1428521400000000
   26  swiss-knife-xyz/swiss-knife                          0.0008588064  858806400000000
   27  dl-solarity/solidity-lib                             0.0011315314  1131531400000000
   28  argotorg/act                                         0.0044371702  4437170200000000
   29  evmts/tevm-monorepo                                  0.0026566657  2656665700000000
   30  ethpandaops/ethereum-package                         0.0081442284  8144228400000000
   31  lambdaclass/lambda_ethereum_consensus\t              0.0005047987  504798700000000

🧮 Σ market A payouts (66 repos + Other) = 999999999800000000  (0.9999999998)
🧮 Σ market B payouts (32 repos)          = 168323080700000000  (0.1683230807)
🧮 A#66 "Other repositories"              = 168323080700000000 — equals Σ market B ✅

💵 Implied redemption for 0x00DC3E0AcAdB8dBA21BB08fF30540222FF8836e0 at these payouts:
   market A holdings → 4774.280986543267709521 sUSDS (includes any OTHER already held)
   market B holdings → 4510.284499982295721376 OTHER → 759.184982022316107684 sUSDS
   ─────────────────────────────────────────────
   total            → 5533.465968565583817205 sUSDS
   (sanity: weights sum to 1, so Σ balance×weight ≈ the MEAN per-outcome
    balance, not the ~487k total the unwind stranded. With ~351k spread
    over 67 A outcomes, ~5k sUSDS is the expected order of magnitude.
    A result far outside that means the weights or the mapping are
    wrong — stop before bonding.)

💰 Bond required: 0.0495 ETH for 99 unanswered question(s)
💰 Wallet balance: 0.090592259498517386 ETH

⚙️  Submit phase (LIVE)

  ── Market A ──
  [A# 0] ethereum/go-ethereum: submitting 0.0456649495 (45664949500000000)...
    Attempt 1/3...
    Tx sent: 0xc5d3dce598acbe80885b7be80b8b43760fe8bf5e9f29cceab75bb7ac09b58f65
    Confirmed in block 156146604
  [A# 1] argotorg/solidity: submitting 0.0452813548 (45281354800000000)...
    Attempt 1/3...
    Tx sent: 0x61c175891d7c17a46ad45ec21cd8c77e771f573b56917247da9b83ce12322662
    Confirmed in block 156146607
  [A# 2] foundry-rs/foundry: submitting 0.0271170673 (27117067300000000)...
    Attempt 1/3...
    Tx sent: 0x4fdc24a7af2aa7a807e3b4e46d1ed6b72dd0a218aa97acbb708bbbcccd235cbf
    Confirmed in block 156146610
  [A# 3] OpenZeppelin/openzeppelin-contracts: submitting 0.0319796862 (31979686200000000)...
    Attempt 1/3...
    Tx sent: 0xebdaf507d3c4ea8ff0ac13f3cc6245605737b29b2989c69d6f3e3f084593c3a6
    Confirmed in block 156146613
  [A# 4] ethereum/consensus-specs: submitting 0.0432632546 (43263254600000000)...
    Attempt 1/3...
    Tx sent: 0xf1596a0b091e5f5201841a4c422a6e4ee810e6fc9257dbad480237655742257b
    Confirmed in block 156146616
  [A# 5] OffchainLabs/prysm: submitting 0.0252864375 (25286437500000000)...
    Attempt 1/3...
    Tx sent: 0x0aca2eac7b0afb706b0c9cc189db1f1588c5450b04916522d1fdacffd300aa78
    Confirmed in block 156146619
  [A# 6] ethereum/EIPs: submitting 0.0420340109 (42034010900000000)...
    Attempt 1/3...
    Tx sent: 0x2038b9151be42602fb3785c55592eb2234609c39dc6fe81044523bf8919027d1
    Confirmed in block 156146624
  [A# 7] ethers-io/ethers.js: submitting 0.0150753758 (15075375800000000)...
    Attempt 1/3...
    Tx sent: 0x2eed4014298eb51b3052d8c1b5514abb93f5db195ee4dc3a1f0f081f5227b41d
    Confirmed in block 156146629
  [A# 8] NomicFoundation/hardhat: submitting 0.0214837921 (21483792100000000)...
    Attempt 1/3...
    Tx sent: 0x5abefc899e36646819e9a6baa741872a7ba6bdb418b5069349a807d9811fe55b
    Confirmed in block 156146632
  [A# 9] sigp/lighthouse: submitting 0.021292866 (21292866000000000)...
    Attempt 1/3...
    Tx sent: 0x2a6f7a8212f8b791ce13813bd4922e6c7b3d31a063b9fbaebca6dc18a3b271b6
    Confirmed in block 156146637
  [A#10] flashbots/mev-boost: submitting 0.0148377884 (14837788400000000)...
    Attempt 1/3...
    Tx sent: 0x09390e554d63dae0f0ed5381e7393484ddb1e2935ea37636300c387be978108a
    Confirmed in block 156146641
  [A#11] erigontech/erigon: submitting 0.0079207642 (7920764200000000)...
    Attempt 1/3...
    Tx sent: 0x85eb5a0413fe5d94b1b7a1f0c149443161f3cafc85e2fabc82f9e642eb9a6e94
    Confirmed in block 156146646
  [A#12] remix-project-org/remix-project: submitting 0.0088093756 (8809375600000000)...
    Attempt 1/3...
    Tx sent: 0x833db63bcecf78f5294985dae905d51820f2e9750e044d6a63d58630de919797
    Confirmed in block 156146651
  [A#13] wighawag/hardhat-deploy: submitting 0.0051659098 (5165909800000000)...
    Attempt 1/3...
    Tx sent: 0xfea8be2887318f2b2b79feae50bd17d174cf3c0a08da904cc41af0d8ad568cae
    Confirmed in block 156146655
  [A#14] Consensys/teku: submitting 0.0098355659 (9835565900000000)...
    Attempt 1/3...
    Tx sent: 0xc95ff7044f60056675b4a1644e7226e0893a87b61a855029a7ced613657c6194
    Confirmed in block 156146658
  [A#15] ethereum/execution-apis: submitting 0.026261322 (26261322000000000)...
    Attempt 1/3...
    Tx sent: 0xc2c5e6b84df995a12beccf6d144ff05e2a9227c90f07ebdfc6ab466abbca2006
    Confirmed in block 156146662
  [A#16] supranational/blst: submitting 0.0322558057 (32255805700000000)...
    Attempt 1/3...
    Tx sent: 0x8c670c06f0b1e6be775cba72c92df6809ec85bbb8f113609b435cd09b5ebbbcc
    Confirmed in block 156146665
  [A#17] NethermindEth/nethermind: submitting 0.0420546824 (42054682400000000)...
    Attempt 1/3...
    Tx sent: 0x6f526cf203ceb348775a55515795a61b84721d4047a9bda9e3b624f9bc3b55ea
    Confirmed in block 156146669
  [A#18] hyperledger/besu: submitting 0.0139662909 (13966290900000000)...
    Attempt 1/3...
    Tx sent: 0x35605de27bec3b34e29b446dbaaac0b85e8e61b739f804e3aac7fe179481172f
    Confirmed in block 156146672
  [A#19] wevm/viem: submitting 0.0240571647 (24057164700000000)...
    Attempt 1/3...
    Tx sent: 0xe804fcc266f821116591cfb6b67ec66ba2028f29edc174ab71402da229f42464
    Confirmed in block 156146676
  [A#20] libp2p/libp2p: submitting 0.0208826396 (20882639600000000)...
    Attempt 1/3...
    Tx sent: 0x52ed9f19c5c2839a4ed239273c7cbd170e150008a1d793824462d9a96169cae7
    Confirmed in block 156146679
  [A#21] ethereum/js-ethereum-cryptography: submitting 0.0128889075 (12888907500000000)...
    Attempt 1/3...
    Tx sent: 0x131209b669eab872fda2ea4a16f92b13cb8c54066155bd3a27a7195df807a8d2
    Confirmed in block 156146682
  [A#22] ethereum/web3.py: submitting 0.0050746467 (5074646700000000)...
    Attempt 1/3...
    Tx sent: 0xf1005240eb30a5504541a38477a6b3c08f167bf91820cd408745dc287bc845b4
    Confirmed in block 156146686
  [A#23] paradigmxyz/reth: submitting 0.0073826253 (7382625300000000)...
    Attempt 1/3...
    Tx sent: 0xbda68464cf64301cd5ac333acfa576740b0b0d3fedc2711a6d0dab7edd585aae
    Confirmed in block 156146690
  [A#24] Vectorized/solady: submitting 0.0065578117 (6557811700000000)...
    Attempt 1/3...
    Tx sent: 0x2715f49d7b98e0cf2c597b8a204a9ac996ac1750788e5587909b257f23f75cac
    Confirmed in block 156146693
  [A#25] safe-global/safe-smart-account: submitting 0.0274380044 (27438004400000000)...
    Attempt 1/3...
    Tx sent: 0xb1c48a23b808059f312d113102705a738863f74ba03a7aef0606469b7f7830e3
    Confirmed in block 156146698
  [A#26] blockscout/blockscout: submitting 0.0087106657 (8710665700000000)...
    Attempt 1/3...
    Tx sent: 0xdf376661da7df38adfefe990d67fb47dbb115375fb40053e3d8e3c3522e8fde5
    Confirmed in block 156146703
  [A#27] flashbots/mev-boost-relay: submitting 0.0114741802 (11474180200000000)...
    Attempt 1/3...
    Tx sent: 0x7669fc10a179b38d7e170158c5031c8dba28e2fa97525a8b59970595a8794308
    Confirmed in block 156146706
  [A#28] scaffold-eth/scaffold-eth-2: submitting 0.0029533244 (2953324400000000)...
    Attempt 1/3...
    Tx sent: 0x91fb7674fe66d34ebb2ccb663d980197c6f4ffce02769216df39efa96789c95b
    Confirmed in block 156146709
  [A#29] argotorg/sourcify: submitting 0.0055631203 (5563120300000000)...
    Attempt 1/3...
    Tx sent: 0xee92b767bdc75c024c584445f0ee89b6b0d435cc35ff584e4bbf6b34cbad5721
    Confirmed in block 156146712
  [A#30] vyperlang/vyper: submitting 0.0084217785 (8421778500000000)...
    Attempt 1/3...
    Tx sent: 0xf1e15a7d41fe71ea56cbd74f02cfb5c5105c16f1b31188606293df3f761fc629
    Confirmed in block 156146717
  [A#31] ethereum/py_ecc: submitting 0.0044673171 (4467317100000000)...
    Attempt 1/3...
    Tx sent: 0xac6fc150a1aa699213ab3de9710a46a8075a081b88a2ff56d8fea845d36cc087
    Confirmed in block 156146722
  [A#32] Nethereum/Nethereum: submitting 0.0105537525 (10553752500000000)...
    Attempt 1/3...
    Tx sent: 0xb20fa77cc48444275dc2a35b51cf254796b524629c0abb1645c56e7812b495a1
    Confirmed in block 156146725
  [A#33] LFDT-web3j/web3j: submitting 0.0090318933 (9031893300000000)...
    Attempt 1/3...
    Tx sent: 0x5fcb88b49f0874fd3051c9b720d917581d7fa846c20dc7835b2ac7955b3d8187
    Confirmed in block 156146728
  [A#34] l2beat/l2beat: submitting 0.0168007357 (16800735700000000)...
    Attempt 1/3...
    Tx sent: 0xf6ffd4d004a62d5551d08f357185fd8064fab32d507f4de58c46e4a2b1f06de1
    Confirmed in block 156146731
  [A#35] ChainSafe/lodestar: submitting 0.0081095541 (8109554100000000)...
    Attempt 1/3...
    Tx sent: 0x897c5b086c170d1f77921dfe5bae7e1b9d46b708746821c15da1d1e8141b4fcf
    Confirmed in block 156146734
  [A#36] Consensys/gnark-crypto: submitting 0.0139931934 (13993193400000000)...
    Attempt 1/3...
    Tx sent: 0x25ce83406bc2fe9dfc6b7684968b260ecd7677c44a6ca9273d42385a534d12b7
    Confirmed in block 156146737
  [A#37] eth-infinitism/account-abstraction: submitting 0.010405335 (10405335000000000)...
    Attempt 1/3...
    Tx sent: 0xd64c52a5ef82a2f3dc96db11ba473584da9b0ce7b727befe01aca05760adcf84
    Confirmed in block 156146740
  [A#38] arkworks-rs/algebra: submitting 0.0036167016 (3616701600000000)...
    Attempt 1/3...
    Tx sent: 0x538f3e5fec2bc28a8e0109b7d324476cb07c03db72f790fb9ff9eee822fd9c5b
    Confirmed in block 156146745
  [A#39] paulmillr/noble-curves: submitting 0.0031381719 (3138171900000000)...
    Attempt 1/3...
    Tx sent: 0xe03ec8309fc7bc4c08d63b319273d24c3088cb773041d070e6924b21955deb2d
    Confirmed in block 156146749
  [A#40] DefiLlama/DefiLlama-Adapters: submitting 0.0060169541 (6016954100000000)...
    Attempt 1/3...
    Tx sent: 0x3f4cb9aa4039d8a8d9e2b87608b76e3f4bffadda9c9c496436c72450ead6ff4a
    Confirmed in block 156146752
  [A#41] flashbots/rbuilder: submitting 0.0133954457 (13395445700000000)...
    Attempt 1/3...
    Tx sent: 0x8b9426880db8c5c3848a7e2e4bb21e6d11f5db6391e26c55819a8387a35ab650
    Confirmed in block 156146756
  [A#42] ChainSafe/bls: submitting 0.0015828361 (1582836100000000)...
    Attempt 1/3...
    Tx sent: 0x85e048dd599b35b8dbe843171d61ee7a312c2a177de6382901f44cfdfc96694a
    Confirmed in block 156146759
  [A#43] taikoxyz/taiko-mono: submitting 0.0048679914 (4867991400000000)...
    Attempt 1/3...
    Tx sent: 0x6e14284c43a449b1a0948c1f8f11048a8e2ebbcdd7692bf9494f07605fa342a1
    Confirmed in block 156146764
  [A#44] wealdtech/ethdo: submitting 0.0022570143 (2257014300000000)...
    Attempt 1/3...
    Tx sent: 0xb9fa932192ce5ad5132ca55112c5cb0e9596561572f861cdf1108f6da6062a3e
    Confirmed in block 156146768
  [A#45] protofire/solhint: submitting 0.0066525111 (6652511100000000)...
    Attempt 1/3...
    Tx sent: 0x19fcc84567d07189ddbdfffb6f9f6f337483604c40550ed33f288069c821e454
    Confirmed in block 156146773
  [A#46] herumi/mcl: submitting 0.0045958574 (4595857400000000)...
    Attempt 1/3...
    Tx sent: 0xc2d663cfee49be6f37d518b2937260378d6ed1b967cf33b34665dcc1a8a7ecd2
    Confirmed in block 156146778
  [A#47] ipsilon/evmone: submitting 0.0022766533 (2276653300000000)...
    Attempt 1/3...
    Tx sent: 0xc3c99108162c411c80a9cffcf7237bcba5754bd8c19036bc7ebbcbceb1d45f69
    Confirmed in block 156146783
  [A#48] shazow/whatsabi: submitting 0.0017631491 (1763149100000000)...
    Attempt 1/3...
    Tx sent: 0x3f18c5d15f17354744660db748323d984e75aee2e834a3f75b325797550754a6
    Confirmed in block 156146786
  [A#49] ethereum-lists/chains: submitting 0.0025507464 (2550746400000000)...
    Attempt 1/3...
    Tx sent: 0xdb95555bdf8d6fadc441f6e299607b1f3851b3c547b9dd91416dfb1eee35e9de
    Confirmed in block 156146791
  [A#50] argotorg/hevm: submitting 0.0014166968 (1416696800000000)...
    Attempt 1/3...
    Tx sent: 0xb1adc87ef41dbb69d7b67844663fbea0e9ae8e4b59834c6040a54087ed39ba48
    Confirmed in block 156146795
  [A#51] status-im/nimbus-eth2: submitting 0.009443012 (9443012000000000)...
    Attempt 1/3...
    Tx sent: 0x1f2c13126d9b1e27743274a019b18a41305ca183d517b3db2af7111fcef5ce51
    Confirmed in block 156146798
  [A#52] Plonky3/Plonky3: submitting 0.0167744721 (16774472100000000)...
    Attempt 1/3...
    Tx sent: 0x3f782705d21333ad0876c9271c3e77fd0a22660446798d56168597dab551f5d9
    Confirmed in block 156146803
  [A#53] TrueBlocks/trueblocks-core: submitting 0.0022541481 (2254148100000000)...
    Attempt 1/3...
    Tx sent: 0x7c44a5a0daed21ad202bb651dbb970bb5e06277706a8e8450a77a904bf199df7
    Confirmed in block 156146808
  [A#54] ethstaker/eth-docker: submitting 0.0123549564 (12354956400000000)...
    Attempt 1/3...
    Tx sent: 0x2ab28aa0ed779c0a2db961539974400a2ab60ca5b06f322398eb482c75a38d1a
    Confirmed in block 156146811
  [A#55] Certora/CertoraProver: submitting 0.0049050468 (4905046800000000)...
    Attempt 1/3...
    Tx sent: 0xde30c7cd7561339d77b4f068a9c96e6dce297f8d124ab4b9bc0ccebfc6812888
    Confirmed in block 156146814
  [A#56] erigontech/silkworm: submitting 0.0063216094 (6321609400000000)...
    Attempt 1/3...
    Tx sent: 0x53da192515065c3b983185c90890e4945acef7a23d7348a868805402b143ebda
    Confirmed in block 156146819
  [A#57] ApeWorX/ape: submitting 0.0024180645 (2418064500000000)...
    Attempt 1/3...
    Tx sent: 0xdce2f1d9e076decbbdff8688eaa49bc44220935e1b3102fd8757d5d20cf235e2
    Confirmed in block 156146822
  [A#58] intellij-solidity/intellij-solidity: submitting 0.0012521644 (1252164400000000)...
    Attempt 1/3...
    Tx sent: 0x06185ad2c5a401a528d80329fef8e2cf3ab4bdd90b11ca112ed8cbcec6400a2e
    Confirmed in block 156146827
  [A#59] smartcontracts/simple-optimism-node: submitting 0.0030639049 (3063904900000000)...
    Attempt 1/3...
    Tx sent: 0xb1086b899bc3602734b551c692748f3b61f491521e6df8bcbc488ef264f9e7e2
    Confirmed in block 156146830
  [A#60] succinctlabs/op-succinct: submitting 0.0037709208 (3770920800000000)...
    Attempt 1/3...
    Tx sent: 0xef1b3914e314cb6ed17226fad07cdd318cef348b78913acae1bdf4c9e81b2df9
    Confirmed in block 156146833
  [A#61] succinctlabs/sp1: submitting 0.0090043743 (9004374300000000)...
    Attempt 1/3...
    Tx sent: 0x2a7aeaee08c6f7c95ce878892025a02a8c1f570213e170cc0abc94403e9f5c6d
    Confirmed in block 156146836
  [A#62] a16z/halmos: submitting 0.0015093785 (1509378500000000)...
    Attempt 1/3...
    Tx sent: 0x8b00c4d61cf5161681e3fa85382b800dd23caa47411cf11b117973cf96ec59d8
    Confirmed in block 156146842
  [A#63] 0xMiden/miden-vm: submitting 0.0025693861 (2569386100000000)...
    Attempt 1/3...
    Tx sent: 0xc20a8ecb24d17355a8e38d3d8f562d352bd94f32373b03aca6b27a7719f0e69a
    Confirmed in block 156146846
  [A#64] dappnode/DAppNode: submitting 0.0061029966 (6102996600000000)...
    Attempt 1/3...
    Tx sent: 0x78417c09436d3884dc40825874b4484c1358cdf374b0a5cb9b7e41f331054b76
    Confirmed in block 156146849
  [A#65] EspressoSystems/jellyfish: submitting 0.0014488053 (1448805300000000)...
    Attempt 1/3...
    Tx sent: 0x07dcd53a25ffd4734d70fba72cc8d6c23458827db34603c28c50a5896fa734a3
    Confirmed in block 156146854
  [A#66] Other repositories not present on the market: submitting 0.1683230807 (168323080700000000)...
    Attempt 1/3...
    Tx sent: 0xc1713daaaf2963abdff8f3fa9f5c8d21a7292e5ba4132163f705499bc2ea5613
    Confirmed in block 156146859
  ── Market B ──
  [B# 0] otterscan/otterscan: submitting 0.0016786693 (1678669300000000)...
    Attempt 1/3...
    Tx sent: 0xb891c64a8eb889dde4414b6f6620c3b27d68ab6e847789ec5ded9e35204c1c08
    Confirmed in block 156146864
  [B# 1] risc0/risc0-ethereum: submitting 0.0177003449 (17700344900000000)...
    Attempt 1/3...
    Tx sent: 0x58ec2f85778d5cc08ffe9e2c4560df77f4a7a9eae3eb346552bd429c088df1d0
    Confirmed in block 156146867
  [B# 2] aestus-relay/mev-boost-relay: submitting 0.0024887979 (2488797900000000)...
    Attempt 1/3...
    Tx sent: 0x4d6ba102b921098400205f49bba13d00ce5ff09df96949050dcd3fc1ababa65f
    Confirmed in block 156146872
  [B# 3] Commit-Boost/commit-boost-client: submitting 0.0022640677 (2264067700000000)...
    Attempt 1/3...
    Tx sent: 0x0c3aff9036a1ea2bdf443e4dae546d8469bc34063e6dab81cc5a50ef38ff06b9
    Confirmed in block 156146877
  [B# 4] edb-rs/edb: submitting 0.0008865587 (886558700000000)...
    Attempt 1/3...
    Tx sent: 0x36a4d14c0adb1726e0538bfb80c9bf61384d7e1c7417b2a2a1dfa5df3b2cfc89
    Confirmed in block 156146882
  [B# 5] alloy-rs/alloy: submitting 0.0014811491 (1481149100000000)...
    Attempt 1/3...
    Tx sent: 0xd863435e99d2ca7e1f25178f45f279452bedcaad36ec251614fe599dc715b3a2
    Confirmed in block 156146887
  [B# 6] OffchainLabs/stylus-sdk-rs: submitting 0.0033052731 (3305273100000000)...
    Attempt 1/3...
    Tx sent: 0xe78e8333694b3113cedfa759d854b962db06b43328a4e2edf34f0303cc449c52
    Confirmed in block 156146891
  [B# 7] DefiLlama/chainlist: submitting 0.0039353206 (3935320600000000)...
    Attempt 1/3...
    Tx sent: 0x372fcaf0c0ff513657340949d129a1b3607ddf4754c609cda2e91f60f988b4b8
    Confirmed in block 156146895
  [B# 8] a16z/helios: submitting 0.0027037694 (2703769400000000)...
    Attempt 1/3...
    Tx sent: 0x7a857af465fdf107f95372ee60410e403b945c8cb3047b7d0501345ed20c00d1
    Confirmed in block 156146900
  [B# 9] grandinetech/grandine: submitting 0.0030822674 (3082267400000000)...
    Attempt 1/3...
    Tx sent: 0x25dc9183d1bda46c576bfdadadb99f348964e4e04517e47a5de4d5ec667b97b6
    Confirmed in block 156146905
  [B#10] axiom-crypto/snark-verifier: submitting 0.0017935514 (1793551400000000)...
    Attempt 1/3...
    Tx sent: 0x6b35dd5c4c738ff9cf8194dd3dea065ee09dbe9bf7faf12f0c1dff043d1410c1
    Confirmed in block 156146909
  [B#11] ethstaker/ethstaker-deposit-cli: submitting 0.00222637 (2226370000000000)...
    Attempt 1/3...
    Tx sent: 0xf709f441afb35b4ef9af5bce4c23bc54ad39874fca0dc5d710d3d79ac27cf34f
    Confirmed in block 156146912
  [B#12] skalenetwork/libBLS: submitting 0.0019079439 (1907943900000000)...
    Attempt 1/3...
    Tx sent: 0x3f1a47d4749d0227b998996f43d4a4b10af5400688416d78c519f393ba85dd17
    Confirmed in block 156146915
  [B#13] ethpandaops/ethereum-helm-charts: submitting 0.0037666831 (3766683100000000)...
    Attempt 1/3...
    Tx sent: 0x7d643fedd19b3e51e4d9de25f4642e73b08e7cb79be462e04a26f9037babfc84
    Confirmed in block 156146920
  [B#14] holiman/goevmlab: submitting 0.0360415414 (36041541400000000)...
    Attempt 1/3...
    Tx sent: 0xca2d6169140a0465190e5b8016677a1303079beb25be8e90a0177553e3f15803
    Confirmed in block 156146923
  [B#15] ethpandaops/checkpointz: submitting 0.0035214005 (3521400500000000)...
    Attempt 1/3...
    Tx sent: 0x10407fb91a89f7ce075c8bb78b396056f0f37f55a4bd314c3cd94279b10609da
    Confirmed in block 156146928
  [B#16] lambdaclass/lambdaworks: submitting 0.0021192938 (2119293800000000)...
    Attempt 1/3...
    Tx sent: 0x85d38c89970631a0b1cfc6cd3f6c390b342807d1082d9db76a872d34524e95e1
    Confirmed in block 156146932
  [B#17] powdr-labs/powdr: submitting 0.0026226812 (2622681200000000)...
    Attempt 1/3...
    Tx sent: 0x3bf6350193fae699cc8b04666aca22fbb4acfd7337abc1d66a891632dee3a477
    Confirmed in block 156146935
  [B#18] Cyfrin/aderyn: submitting 0.0427614786 (42761478600000000)...
    Attempt 1/3...
    Tx sent: 0x93aebc47dadb607f270c0f91bf18eca1aaf6ebe8be6f85af949c155bec053865
    Confirmed in block 156146938
  [B#19] NethermindEth/juno: submitting 0.0042639582 (4263958200000000)...
    Attempt 1/3...
    Tx sent: 0xa5a212c3e8aa5398014344793c19f6169ec7a782abd7b3fa97813085e141af4d
    Confirmed in block 156146941
  [B#20] ethdebug/format: submitting 0.0016179 (1617900000000000)...
    Attempt 1/3...
    Tx sent: 0x4d184a41f35b20566607edb5758a3b3afed91db4d4624dce4738ac1c8913e3e0
    Confirmed in block 156146944
  [B#21] argotorg/fe: submitting 0.0021250459 (2125045900000000)...
    Attempt 1/3...
    Tx sent: 0xeca913a0da70787e1c3abd4c50ea198dd146ba3f2fc17695d7ffb0f8533c8572
    Confirmed in block 156146947
  [B#22] succinctlabs/rsp: submitting 0.0009172964 (917296400000000)...
    Attempt 1/3...
    Tx sent: 0x14b99902285eb3b0a06795d150a0379e82a5ef2a4cebc97b3628d3855c67f9e9
    Confirmed in block 156146950
  [B#23] vyperlang/titanoboa: submitting 0.0019119473 (1911947300000000)...
    Attempt 1/3...
    Tx sent: 0xd57cb8951f5a21616fb3ebce758ebbd41e13bb2bb39cba1e790c6d18f7fe229b
    Confirmed in block 156146955
  [B#24] lambdaclass/ethrex: submitting 0.0020380487 (2038048700000000)...
    Attempt 1/3...
    Tx sent: 0xd986a22fcd4dd316533873bbbb1ac65db15ce08089fbd3294c9ed6bde0841a5e
    Confirmed in block 156146958
  [B#25] deepfunding/dependency-graph: submitting 0.0014285214 (1428521400000000)...
    Attempt 1/3...
    Tx sent: 0xb69c800e70aede6278bc30fa93b040c9f3d12ebb65600ad7114e11e8a951ded7
    Confirmed in block 156146963
  [B#26] swiss-knife-xyz/swiss-knife: submitting 0.0008588064 (858806400000000)...
    Attempt 1/3...
    Tx sent: 0x4a9c81c89bb80058e50c9b6a08f820ee2b4391dde1894203540a244bbcab6bb2
    Confirmed in block 156146966
  [B#27] dl-solarity/solidity-lib: submitting 0.0011315314 (1131531400000000)...
    Attempt 1/3...
    Tx sent: 0x86503594dd37bd05f10191c6ca6fa597131170f36a5f131276f6fceecf71a43a
    Confirmed in block 156146971
  [B#28] argotorg/act: submitting 0.0044371702 (4437170200000000)...
    Attempt 1/3...
    Tx sent: 0x69ea798ef656fad2815427614bd2aa1c0667afb13258f2efceca70ade2e835fd
    Confirmed in block 156146975
  [B#29] evmts/tevm-monorepo: submitting 0.0026566657 (2656665700000000)...
    Attempt 1/3...
    Tx sent: 0x4aca3444ad6f415e4978c5a9a19eff477aa8430495dc75af6421a0ea54599f6a
    Confirmed in block 156146978
  [B#30] ethpandaops/ethereum-package: submitting 0.0081442284 (8144228400000000)...
    Attempt 1/3...
    Tx sent: 0x7bb2dfbb7849c50561566d29d5983d896aa4539a77bfe6e08d96ff5f6daf4fad
    Confirmed in block 156146981
  [B#31] lambdaclass/lambda_ethereum_consensus\t: submitting 0.0005047987 (504798700000000)...
    Attempt 1/3...
    Tx sent: 0xd6a6e151a554a664e78aa9cf9fe3f026a255cbbe335099848bdcccb27768ebdd
    Confirmed in block 156146984

🎉 Submitted 99/99 answer(s) (0 skipped). Log → ./answer-l1-execution.json.
⏳ Questions finalize ~2026-08-31T16:52:29.000Z (timeout 302400s). Then run resolve-l1-markets.js.
