
📋 Wallet  : 0x00DC3E0AcAdB8dBA21BB08fF30540222FF8836e0
📋 DRY_RUN : false
(node:20828) [MODULE_TYPELESS_PACKAGE_JSON] Warning: Module type of file:///D:/Code/liquidity/merge-l1-positions.js is not specified and it doesn't parse as CommonJS.
Reparsing as ES module because module syntax was detected. This incurs a performance overhead.
To eliminate this warning, add "type": "module" to D:\Code\liquidity\package.json.
(Use `node --trace-warnings ...` to show where the warning was created)

🔍 Step 1: resolving markets A and B from chain...
   Market A 0x3220A208aAf4D2ceECDe5A2e21eC0C9145f40BA6: 68 outcomes
   Market B 0xfea47428981f70110c64dd678889826c3627245b: 33 outcomes, parent = A #66 (0x63a4F76ef5846F68D069054C271465B7118e8ed9)

🔍 Step 2: reading balances...

   Phase 2 — Market B (33 outcomes) → OTHER_TOKEN
     #   outcome                                    balance      leftover
     0   otterscan/otterscan                       19744.4742     2017.5527
     1   risc0/risc0-ethereum                      24678.1640     6951.2424
     2   aestus-relay/mev-boost-relay              25255.7274     7528.8059
     3   Commit-Boost/commit-boost-client          24728.1028     7001.1812
     4   edb-rs/edb                                25365.7397     7638.8181
     5   alloy-rs/alloy                            23440.2954     5713.3739
     6   OffchainLabs/stylus-sdk-rs                24160.4526     6433.5310
     7   DefiLlama/chainlist                       20258.4535     2531.5320
     8   a16z/helios                               19311.9279     1585.0064
     9   grandinetech/grandine                     23925.1843     6198.2627
    10   axiom-crypto/snark-verifier               23754.4899     6027.5683
    11   ethstaker/ethstaker-deposit-cli           23975.7481     6248.8265
    12   skalenetwork/libBLS                       20402.0968     2675.1752
    13   ethpandaops/ethereum-helm-charts          23435.4847     5708.5631
    14   holiman/goevmlab                          23467.7671     5740.8456
    15   ethpandaops/checkpointz                   20513.5203     2786.5987
    16   lambdaclass/lambdaworks                   18076.8113      349.8897
    17   powdr-labs/powdr                          22556.3838     4829.4623
    18   Cyfrin/aderyn                             21486.6777     3759.7561
    19   NethermindEth/juno                        18877.7852     1150.8637
    20   ethdebug/format                           23507.6283     5780.7068
    21   argotorg/fe                               20689.3140     2962.3925
    22   succinctlabs/rsp                          23312.8894     5585.9679
    23   vyperlang/titanoboa                       22996.2297     5269.3082
    24   lambdaclass/ethrex                        21818.6421     4091.7206
    25   deepfunding/dependency-graph              18901.5829     1174.6614
    26   swiss-knife-xyz/swiss-knife               24111.6099     6384.6883
    27   dl-solarity/solidity-lib                  19364.8506     1637.9290
    28   argotorg/act                              21648.4451     3921.5235
    29   evmts/tevm-monorepo                       20528.6497     2801.7281
    30   ethpandaops/ethereum-package              18725.8634      998.9418
    31   lambdaclass/lambda_ethereum_consensus\    17726.9215        0.0000   ← binding minimum
    32   Invalid result                            20194.8602     2467.9387

     mergeable (min) : 17726.921542790656667613
     stranded        : 135954.36250388919468391 across 33 outcomes

   Phase 3 — Market A (68 outcomes) → sUSDS  [#66 shown as balance + 17726.921542790656667613 from phase 2]
     #   outcome                                    balance      leftover
     0   ethereum/go-ethereum                      27021.1621     6545.1544
     1   argotorg/solidity                         26703.9747     6227.9671
     2   foundry-rs/foundry                        28092.0848     7616.0772
     3   OpenZeppelin/openzeppelin-contracts       26942.7192     6466.7116
     4   ethereum/consensus-specs                  26987.4953     6511.4876
     5   OffchainLabs/prysm                        27109.6596     6633.6520
     6   ethereum/EIPs                             27228.2072     6752.1996
     7   ethers-io/ethers.js                       24270.4440     3794.4364
     8   NomicFoundation/hardhat                   25174.6507     4698.6431
     9   sigp/lighthouse                           26197.1229     5721.1153
    10   flashbots/mev-boost                       27055.4980     6579.4904
    11   erigontech/erigon                         23227.4132     2751.4056
    12   remix-project-org/remix-project           25336.8589     4860.8513
    13   wighawag/hardhat-deploy                   28905.1165     8429.1089
    14   Consensys/teku                            24580.4171     4104.4095
    15   ethereum/execution-apis                   26889.3850     6413.3774
    16   supranational/blst                        26538.2525     6062.2448
    17   NethermindEth/nethermind                  25991.9505     5515.9429
    18   hyperledger/besu                          26316.2258     5840.2182
    19   wevm/viem                                 25064.5102     4588.5026
    20   libp2p/libp2p                             23679.1933     3203.1857
    21   ethereum/js-ethereum-cryptography         26853.9183     6377.9107
    22   ethereum/web3.py                          26567.8690     6091.8614
    23   paradigmxyz/reth                          24655.8917     4179.8841
    24   Vectorized/solady                         26784.8170     6308.8094
    25   safe-global/safe-smart-account            27449.0275     6973.0199
    26   blockscout/blockscout                     26211.2471     5735.2395
    27   flashbots/mev-boost-relay                 28846.0459     8370.0383
    28   scaffold-eth/scaffold-eth-2               28328.8458     7852.8382
    29   argotorg/sourcify                         26316.2300     5840.2223
    30   vyperlang/vyper                           28338.1094     7862.1017
    31   ethereum/py_ecc                           25116.9682     4640.9606
    32   Nethereum/Nethereum                       26156.9501     5680.9425
    33   LFDT-web3j/web3j                          26901.5725     6425.5649
    34   l2beat/l2beat                             26753.0784     6277.0708
    35   ChainSafe/lodestar                        24295.9168     3819.9091
    36   Consensys/gnark-crypto                    27704.0915     7228.0838
    37   eth-infinitism/account-abstraction        23633.7228     3157.7151
    38   arkworks-rs/algebra                       26312.9341     5836.9265
    39   paulmillr/noble-curves                    28511.3590     8035.3514
    40   DefiLlama/DefiLlama-Adapters              25328.3898     4852.3822
    41   flashbots/rbuilder                        26431.7077     5955.7001
    42   ChainSafe/bls                             26498.9772     6022.9695
    43   taikoxyz/taiko-mono                       23412.3372     2936.3296
    44   wealdtech/ethdo                           23787.8861     3311.8784
    45   protofire/solhint                         22916.3598     2440.3522
    46   herumi/mcl                                25515.6100     5039.6024
    47   ipsilon/evmone                            26673.0917     6197.0841
    48   shazow/whatsabi                           28189.9937     7713.9861
    49   ethereum-lists/chains                     22718.7602     2242.7526
    50   argotorg/hevm                             29758.0572     9282.0496
    51   status-im/nimbus-eth2                     25072.5961     4596.5885
    52   Plonky3/Plonky3                           24858.6559     4382.6483
    53   TrueBlocks/trueblocks-core                25149.3174     4673.3098
    54   ethstaker/eth-docker                      23833.5086     3357.5010
    55   Certora/CertoraProver                     28262.8044     7786.7968
    56   erigontech/silkworm                       23097.7178     2621.7101
    57   ApeWorX/ape                               23053.6356     2577.6280
    58   intellij-solidity/intellij-solidity       20839.5969      363.5893
    59   smartcontracts/simple-optimism-node       23539.8171     3063.8095
    60   succinctlabs/op-succinct                  25166.9459     4690.9383
    61   succinctlabs/sp1                          25222.4132     4746.4056
    62   a16z/halmos                               27139.7769     6663.7693
    63   0xMiden/miden-vm                          24318.3893     3842.3817
    64   dappnode/DAppNode                         22965.9794     2489.9718
    65   EspressoSystems/jellyfish                 23403.1640     2927.1564
    66   Other repositories not present on the     20476.0076        0.0000   ← binding minimum
    67   Invalid result                            20859.3943      383.3867

     mergeable (min) : 20476.007615049539122226
     stranded        : 351173.309797163442676209 across 68 outcomes

📊 Projected outcome:
   sUSDS recovered by merging : 20476.007615049539122226
   sUSDS now                  : 17029.733883877925505603
   sUSDS after                : 37505.741498927464627829
   stranded in market B       : 135954.36250388919468391 outcome tokens
   stranded in market A       : 351173.309797163442676209 outcome tokens
   (stranded tokens stay in the wallet and are redeemable once the markets resolve)

🔀 Phase 2 — Market B: merging 17726.921542790656667613 across 33 outcomes
  Approving 0x3EB78288cD0422A4FEc883042ED899bc3aAB6C36 -> 0x179d8F8c811B8C759c33809dbc6c5ceDc62D05DD for 17726.921542790656667613 ...
  Attempt 1/3...
  Tx sent: 0xa858f0cf7b19615138932cdcc30ba775f4b87d02e82a2528c54af362c20748bf
  Confirmed in block 156027139
  Approving 0x4A63aFA749862E62C8a4d60C5C27854BaBd260fe -> 0x179d8F8c811B8C759c33809dbc6c5ceDc62D05DD for 17726.921542790656667613 ...
  Attempt 1/3...
  Tx sent: 0x9f419f72a3d8078ce491dc50aef038ae4871654d1bba014f0d6ea583ab854a79
  Confirmed in block 156027144
  Approving 0x1910104b540e03D519b3474C2aA7Bf856f89bf09 -> 0x179d8F8c811B8C759c33809dbc6c5ceDc62D05DD for 17726.921542790656667613 ...
  Attempt 1/3...
  Tx sent: 0x7d8d8a172220cb0627a3b0dfeabd8794802e323ac7f92dda4dd1183d8b7802a6
  Confirmed in block 156027148
  Approving 0xEFaa6Da356481Ec7003642cca775eAF46c29da3B -> 0x179d8F8c811B8C759c33809dbc6c5ceDc62D05DD for 17726.921542790656667613 ...
  Attempt 1/3...
  Tx sent: 0x237907c0700e104f0af8cabc177fa5e5691041ed59d90f398304c0e946720705
  Confirmed in block 156027152
  Approving 0x6f2f4544CB7a0152b4a417DC9C8D5C7E4Bbd2953 -> 0x179d8F8c811B8C759c33809dbc6c5ceDc62D05DD for 17726.921542790656667613 ...
  Attempt 1/3...
  Tx sent: 0x184fa556cb6013c3e872c4f5bbf9adc7d2fcaf1542a863b213cbc2dc564a1aef
  Confirmed in block 156027155
  Approving 0xb73a76f913604D32b3ED6980C94d4933EF39Fce0 -> 0x179d8F8c811B8C759c33809dbc6c5ceDc62D05DD for 17726.921542790656667613 ...
  Attempt 1/3...
  Tx sent: 0xc79f69034eb3739178317daba1da86122250790f1621ee7a50ec18c3986c8c8c
  Confirmed in block 156027158
  Approving 0x8AAd605ef88BCd1Bf3001F58AEC3c44EB7c96C15 -> 0x179d8F8c811B8C759c33809dbc6c5ceDc62D05DD for 17726.921542790656667613 ...
  Attempt 1/3...
  Tx sent: 0xdf6713f11eedfd4b2146f82afe80a60cb519ee9fee705b6fe089de9327b3c41c
  Confirmed in block 156027162
  Approving 0x43573f1d0C0c4AB57181A903460F0918fA0A2C66 -> 0x179d8F8c811B8C759c33809dbc6c5ceDc62D05DD for 17726.921542790656667613 ...
  Attempt 1/3...
  Tx sent: 0xaff10e4dd4e71baa74c397b1bf3740b21eebd82d40b6b71cb1bfd5f119dafb61
  Confirmed in block 156027165
  Approving 0x753E05eba7dEE050Ed37013A993f3EA3C39076ED -> 0x179d8F8c811B8C759c33809dbc6c5ceDc62D05DD for 17726.921542790656667613 ...
  Attempt 1/3...
  Tx sent: 0x7573dc20f5b821905b1590d856017500a3ff3c23d4a15e2bdf5e4bfd389a93b9
  Confirmed in block 156027170
  Approving 0x57C12162498848f048a36d633541b433f39e60dF -> 0x179d8F8c811B8C759c33809dbc6c5ceDc62D05DD for 17726.921542790656667613 ...
  Attempt 1/3...
  Tx sent: 0x213c2e063e238a96595fc58b92e6640110d56e97dd4c5269e8a931e264d0e42a
  Confirmed in block 156027174
  Approving 0xEB8374CE3F0259193D6342161825381D84D23946 -> 0x179d8F8c811B8C759c33809dbc6c5ceDc62D05DD for 17726.921542790656667613 ...
  Attempt 1/3...
  Tx sent: 0x1f3f115cec56b0a7ce1e2c8f2671e9467e5e5b0a31734c2e30caa5cf6ac6af51
  Confirmed in block 156027176
  Approving 0xf30Cca6619671BB48F319998079ED6CBf144b95a -> 0x179d8F8c811B8C759c33809dbc6c5ceDc62D05DD for 17726.921542790656667613 ...
  Attempt 1/3...
  Tx sent: 0xa6f3ab105466a505cc3f482037e68172d4d56f68a1e2a1048f17f98eb84657be
  Confirmed in block 156027178
  Approving 0x453a045052Fa1d4eC9CCF458E6cc5868e89ce4c4 -> 0x179d8F8c811B8C759c33809dbc6c5ceDc62D05DD for 17726.921542790656667613 ...
  Attempt 1/3...
  Tx sent: 0x25dc71433583ab7c6843111f60ec9b9a177af6783e92a7fd4ae20cb3de7a7b1d
  Confirmed in block 156027180
  Approving 0xEe30585e017Fe3A8ccB58146263202C27ed25186 -> 0x179d8F8c811B8C759c33809dbc6c5ceDc62D05DD for 17726.921542790656667613 ...
  Attempt 1/3...
  Tx sent: 0xb69b31dd2930091d8fc69f37de80657b7b493f1189ec1ee937966664b1a4d5ee
  Confirmed in block 156027183
  Approving 0xE5C4D0b9bE3f15E9e6542908563CA45Ecf093241 -> 0x179d8F8c811B8C759c33809dbc6c5ceDc62D05DD for 17726.921542790656667613 ...
  Attempt 1/3...
  Tx sent: 0x0dd9454111e7a57e1c4c78deb67cf29035af6cb5aa3bd71ff5db28f267f50e15
  Confirmed in block 156027187
  Approving 0xb59C7177295899822CE01ccB639e52364a8C15F8 -> 0x179d8F8c811B8C759c33809dbc6c5ceDc62D05DD for 17726.921542790656667613 ...
  Attempt 1/3...
  Tx sent: 0x283f62aa81d18cd12f82c7be986b3b1e0f2ccda2cef5bb281f337bba8f1108b4
  Confirmed in block 156027190
  Approving 0xA071E28F0B5c9A17F48ca05110c2485411702E62 -> 0x179d8F8c811B8C759c33809dbc6c5ceDc62D05DD for 17726.921542790656667613 ...
  Attempt 1/3...
  Tx sent: 0x90f34a7b1a32b49bfef900f501fcdf860db80521a8265cf3e35cdcfafe5152df
  Confirmed in block 156027194
  Approving 0x39B0695054c19E657aD951C8c762fFf449c1B7ce -> 0x179d8F8c811B8C759c33809dbc6c5ceDc62D05DD for 17726.921542790656667613 ...
  Attempt 1/3...
  Tx sent: 0x1d9504cb3bd0bfe646e26a273836e56a1cc8a2b7a1f790e422c09a6181a82da1
  Confirmed in block 156027197
  Approving 0x73b87970A558Eeb57D799689B0fdb0eEFdDf675f -> 0x179d8F8c811B8C759c33809dbc6c5ceDc62D05DD for 17726.921542790656667613 ...
  Attempt 1/3...
  Tx sent: 0x588e9239ac6dd1a0118685f191058d1f83f7d3ef36bbf855b6626a688486d091
  Confirmed in block 156027202
  Approving 0x9EFd2E7c0A53797a44578235DB008E88E89C4D1f -> 0x179d8F8c811B8C759c33809dbc6c5ceDc62D05DD for 17726.921542790656667613 ...
  Attempt 1/3...
  Tx sent: 0x5f48e596374f59dcbefba53735b2d51bd5490fa05ee99fbde39e1d9aa5e9095c
  Confirmed in block 156027206
  Approving 0xe1422481C9E4E1adD3152c291C02816978965e8c -> 0x179d8F8c811B8C759c33809dbc6c5ceDc62D05DD for 17726.921542790656667613 ...
  Attempt 1/3...
  Tx sent: 0xd954d2839bde3125969963471183ab192477e820b3a73715f9ddcbe819071b3a
  Confirmed in block 156027211
  Approving 0x6bE7C0560288B7Ff3caaC9B96FBF2475539867C6 -> 0x179d8F8c811B8C759c33809dbc6c5ceDc62D05DD for 17726.921542790656667613 ...
  Attempt 1/3...
  Tx sent: 0x5cdfd7d884bc6a5b61eeb556961c7b0ac19fdb9f8698888fadf824ac63875252
  Confirmed in block 156027215
  Approving 0xa7725bF35f6d101e06685706a6c1B3658B489311 -> 0x179d8F8c811B8C759c33809dbc6c5ceDc62D05DD for 17726.921542790656667613 ...
  Attempt 1/3...
  Tx sent: 0x5aa6fe8c4182875805fff64aa09fae2d445276e573360be0b283980a9b84ab8a
  Confirmed in block 156027218
  Approving 0x807EE88E54C7C2D66AA98840F4a67CA7f1FbCAF6 -> 0x179d8F8c811B8C759c33809dbc6c5ceDc62D05DD for 17726.921542790656667613 ...
  Attempt 1/3...
  Tx sent: 0xe6c1ac1c598b54ec151728ea1b77a66ee2404a22f57ab68a8af8d170cd85e33e
  Confirmed in block 156027221
  Approving 0xcb9C84806A4297494105A2d975cFaC6bADE8E971 -> 0x179d8F8c811B8C759c33809dbc6c5ceDc62D05DD for 17726.921542790656667613 ...
  Attempt 1/3...
  Tx sent: 0xc796cdf0444bd8a5e787bc21f799c01029b1d2678009da8aca246af867d26503
  Confirmed in block 156027225
  Approving 0xdd9D1Ee0099FA2e4DBE12441b7D9F1d06B98df1D -> 0x179d8F8c811B8C759c33809dbc6c5ceDc62D05DD for 17726.921542790656667613 ...
  Attempt 1/3...
  Tx sent: 0x5e3e86e7e2b4eee86ed2337d14842a609dc5dfcbb374d632f23f3baaf8e49a76
  Confirmed in block 156027230
  Approving 0xF0e5DBC84bEbfdec05DdF576Cc6077e3Ec7960E1 -> 0x179d8F8c811B8C759c33809dbc6c5ceDc62D05DD for 17726.921542790656667613 ...
  Attempt 1/3...
  Tx sent: 0x046013b9af6c64aab682bc2aa9a90fe8337874b79a49957830d13e84d863c875
  Confirmed in block 156027234
  Approving 0x8DA04B9B10C0244a6255BD3532153b5Fc5A00b5c -> 0x179d8F8c811B8C759c33809dbc6c5ceDc62D05DD for 17726.921542790656667613 ...
  Attempt 1/3...
  Tx sent: 0x5c5c7ca929925376bc3e5d3819991144e8e20185e0fa13b420466d5757905819
  Confirmed in block 156027237
  Approving 0x8ff31B15a8f1496533b80129d04f559F6B4008ee -> 0x179d8F8c811B8C759c33809dbc6c5ceDc62D05DD for 17726.921542790656667613 ...
  Attempt 1/3...
  Tx sent: 0x3b7750bc6e387a77b141b945b745a1406c1b8d152851350814152e6a08ef04b0
  Confirmed in block 156027240
  Approving 0x546b74dB993b788eCa029f34F7b0f399485a2987 -> 0x179d8F8c811B8C759c33809dbc6c5ceDc62D05DD for 17726.921542790656667613 ...
  Attempt 1/3...
  Tx sent: 0x84200add9e18f57004e7e2cd6eda2a949e77c7d29d9f71c19cc0a2e5e4dfc699
  Confirmed in block 156027242
  Approving 0x2d15Ef0666bB4d126D80C5cdFCD4FfefD8159E97 -> 0x179d8F8c811B8C759c33809dbc6c5ceDc62D05DD for 17726.921542790656667613 ...
  Attempt 1/3...
  Tx sent: 0x4064750856a1a033bc015590d0420c982ab6a9b637563feb956e8c703563f95e
  Confirmed in block 156027245
  Approving 0xe44745929509dA3bF632638C1db00C6cb52a2A42 -> 0x179d8F8c811B8C759c33809dbc6c5ceDc62D05DD for 17726.921542790656667613 ...
  Attempt 1/3...
  Tx sent: 0xcb4126fdf1407c29fedaa42357a78c29bd0bfa08ae0f40da5bd4f8eec746fae7
  Confirmed in block 156027250
  Approving 0xD1EbFEDD9A6480e0407552EB521270c6ddc837B0 -> 0x179d8F8c811B8C759c33809dbc6c5ceDc62D05DD for 17726.921542790656667613 ...
  Attempt 1/3...
  Tx sent: 0xa6ceb7fa06dd1e989c49227c79acf85914b960c5397c40a5bc063217820dc8ff
  Confirmed in block 156027255
   33 new approval(s) sent, 0 already sufficient
  Attempt 1/3...
  Tx sent: 0xddf748b8bd0d1fea5dca7736aaa4322525bdd18c7bddd621f97a17c258ae8eb9
  Confirmed in block 156027259
   ✅ Saved to ./merge-l1-positions-execution.json

🔍 Re-reading Market A balances after phase 2...

   Phase 3 — Market A (68 outcomes) → sUSDS [live balances]
     #   outcome                                    balance      leftover
     0   ethereum/go-ethereum                      27021.1621     6545.1544
     1   argotorg/solidity                         26703.9747     6227.9671
     2   foundry-rs/foundry                        28092.0848     7616.0772
     3   OpenZeppelin/openzeppelin-contracts       26942.7192     6466.7116
     4   ethereum/consensus-specs                  26987.4953     6511.4876
     5   OffchainLabs/prysm                        27109.6596     6633.6520
     6   ethereum/EIPs                             27228.2072     6752.1996
     7   ethers-io/ethers.js                       24270.4440     3794.4364
     8   NomicFoundation/hardhat                   25174.6507     4698.6431
     9   sigp/lighthouse                           26197.1229     5721.1153
    10   flashbots/mev-boost                       27055.4980     6579.4904
    11   erigontech/erigon                         23227.4132     2751.4056
    12   remix-project-org/remix-project           25336.8589     4860.8513
    13   wighawag/hardhat-deploy                   28905.1165     8429.1089
    14   Consensys/teku                            24580.4171     4104.4095
    15   ethereum/execution-apis                   26889.3850     6413.3774
    16   supranational/blst                        26538.2525     6062.2448
    17   NethermindEth/nethermind                  25991.9505     5515.9429
    18   hyperledger/besu                          26316.2258     5840.2182
    19   wevm/viem                                 25064.5102     4588.5026
    20   libp2p/libp2p                             23679.1933     3203.1857
    21   ethereum/js-ethereum-cryptography         26853.9183     6377.9107
    22   ethereum/web3.py                          26567.8690     6091.8614
    23   paradigmxyz/reth                          24655.8917     4179.8841
    24   Vectorized/solady                         26784.8170     6308.8094
    25   safe-global/safe-smart-account            27449.0275     6973.0199
    26   blockscout/blockscout                     26211.2471     5735.2395
    27   flashbots/mev-boost-relay                 28846.0459     8370.0383
    28   scaffold-eth/scaffold-eth-2               28328.8458     7852.8382
    29   argotorg/sourcify                         26316.2300     5840.2223
    30   vyperlang/vyper                           28338.1094     7862.1017
    31   ethereum/py_ecc                           25116.9682     4640.9606
    32   Nethereum/Nethereum                       26156.9501     5680.9425
    33   LFDT-web3j/web3j                          26901.5725     6425.5649
    34   l2beat/l2beat                             26753.0784     6277.0708
    35   ChainSafe/lodestar                        24295.9168     3819.9091
    36   Consensys/gnark-crypto                    27704.0915     7228.0838
    37   eth-infinitism/account-abstraction        23633.7228     3157.7151
    38   arkworks-rs/algebra                       26312.9341     5836.9265
    39   paulmillr/noble-curves                    28511.3590     8035.3514
    40   DefiLlama/DefiLlama-Adapters              25328.3898     4852.3822
    41   flashbots/rbuilder                        26431.7077     5955.7001
    42   ChainSafe/bls                             26498.9772     6022.9695
    43   taikoxyz/taiko-mono                       23412.3372     2936.3296
    44   wealdtech/ethdo                           23787.8861     3311.8784
    45   protofire/solhint                         22916.3598     2440.3522
    46   herumi/mcl                                25515.6100     5039.6024
    47   ipsilon/evmone                            26673.0917     6197.0841
    48   shazow/whatsabi                           28189.9937     7713.9861
    49   ethereum-lists/chains                     22718.7602     2242.7526
    50   argotorg/hevm                             29758.0572     9282.0496
    51   status-im/nimbus-eth2                     25072.5961     4596.5885
    52   Plonky3/Plonky3                           24858.6559     4382.6483
    53   TrueBlocks/trueblocks-core                25149.3174     4673.3098
    54   ethstaker/eth-docker                      23833.5086     3357.5010
    55   Certora/CertoraProver                     28262.8044     7786.7968
    56   erigontech/silkworm                       23097.7178     2621.7101
    57   ApeWorX/ape                               23053.6356     2577.6280
    58   intellij-solidity/intellij-solidity       20839.5969      363.5893
    59   smartcontracts/simple-optimism-node       23539.8171     3063.8095
    60   succinctlabs/op-succinct                  25166.9459     4690.9383
    61   succinctlabs/sp1                          25222.4132     4746.4056
    62   a16z/halmos                               27139.7769     6663.7693
    63   0xMiden/miden-vm                          24318.3893     3842.3817
    64   dappnode/DAppNode                         22965.9794     2489.9718
    65   EspressoSystems/jellyfish                 23403.1640     2927.1564
    66   Other repositories not present on the     20476.0076        0.0000   ← binding minimum
    67   Invalid result                            20859.3943      383.3867

     mergeable (min) : 20476.007615049539122226
     stranded        : 351173.309797163442676209 across 68 outcomes

🔀 Phase 3 — Market A: merging 20476.007615049539122226 across 68 outcomes
  Approving 0x5bcDfCa3F241791f3d6372385924178f59618238 -> 0x179d8F8c811B8C759c33809dbc6c5ceDc62D05DD for 20476.007615049539122226 ...
  Attempt 1/3...
  Tx sent: 0xbe55e34e35ee2322054ba3abfc4a5ce217e32f0c586462820bab3e72db3ee202
  Confirmed in block 156027265
  Approving 0xadBC709c9360c04DD28978FbF6D659511ffEAF2C -> 0x179d8F8c811B8C759c33809dbc6c5ceDc62D05DD for 20476.007615049539122226 ...
  Attempt 1/3...
  Tx sent: 0xe5dddfeb1f9a33cb5b246a6c4b83d45597d57c5662b85cd13e7280fb1422a978
  Confirmed in block 156027269
  Approving 0xb202159c00692815de270aA4A55B456d2f580bBE -> 0x179d8F8c811B8C759c33809dbc6c5ceDc62D05DD for 20476.007615049539122226 ...
  Attempt 1/3...
  Tx sent: 0xfec21e741314dc478904af7e52f54f1105866f74ae8fcc58d96ca9383339b9e5
  Confirmed in block 156027272
  Approving 0xa2c7116f1595988da9aCE2e5301255a3b60BaaBf -> 0x179d8F8c811B8C759c33809dbc6c5ceDc62D05DD for 20476.007615049539122226 ...
  Attempt 1/3...
  Tx sent: 0x55047c3ed3c9b282a395007a644b99ddfc39edc5105615d176ee2bb7588a8f81
  Confirmed in block 156027276
  Approving 0x2A4196B00E9A72469989bE54Cf05dc2D1A575541 -> 0x179d8F8c811B8C759c33809dbc6c5ceDc62D05DD for 20476.007615049539122226 ...
  Attempt 1/3...
  Tx sent: 0xd421bfbbee9465b741ecd0612f036e12d29f988b2b8a4e5e727b8bc379626e4e
  Confirmed in block 156027279
  Approving 0x9516f6c861678f64ef5fB0425CA91834187102CC -> 0x179d8F8c811B8C759c33809dbc6c5ceDc62D05DD for 20476.007615049539122226 ...
  Attempt 1/3...
  Tx sent: 0xc9a97cec92ce8922cd842b023457bd481ef253d8e568caebbdb03064b2138f1e
  Confirmed in block 156027283
  Approving 0x97fF3DcAe5E97B235FF987c00df672313145ff2C -> 0x179d8F8c811B8C759c33809dbc6c5ceDc62D05DD for 20476.007615049539122226 ...
  Attempt 1/3...
  Tx sent: 0x426047cd2ccc8b4a6a898694f177564c3c6bcdedc52c8bbdcb2907b6ac911094
  Confirmed in block 156027288
  Approving 0x6c2f3D829fAfd53e643F0c8224e978EB656CF158 -> 0x179d8F8c811B8C759c33809dbc6c5ceDc62D05DD for 20476.007615049539122226 ...
  Attempt 1/3...
  Tx sent: 0x48314618540a6176546431956a9f696f163daa2e4d9635e0100f3b6e64af59e0
  Confirmed in block 156027293
  Approving 0x8cB4eF9dBA24Db79B61508ce26818323A64270D0 -> 0x179d8F8c811B8C759c33809dbc6c5ceDc62D05DD for 20476.007615049539122226 ...
  Attempt 1/3...
  Tx sent: 0xbc1a5af7c6dfad7d88c8555585cadea7b63a3a774da8cbc62bec7f58a59c2fae
  Confirmed in block 156027297
  Approving 0x81f16D9428A955f889B11b440b9b64Cd1cf20ed0 -> 0x179d8F8c811B8C759c33809dbc6c5ceDc62D05DD for 20476.007615049539122226 ...
  Attempt 1/3...
  Tx sent: 0x5de220441cb7a22b2659086b6439705894b31a64ae9ce2a21eda40e66001a314
  Confirmed in block 156027300
  Approving 0xc56eded5a3FC18e3391cDBAc25Ef7b36cC321d11 -> 0x179d8F8c811B8C759c33809dbc6c5ceDc62D05DD for 20476.007615049539122226 ...
  Attempt 1/3...
  Tx sent: 0xeced0e96d8e00399e8b0246a384893841adb53f8aac87ea080fde89ff86534c0
  Confirmed in block 156027305
  Approving 0x8516E7c7b076Ce3C64DC9B6d445A53a4B98B635b -> 0x179d8F8c811B8C759c33809dbc6c5ceDc62D05DD for 20476.007615049539122226 ...
  Attempt 1/3...
  Tx sent: 0xbcfa9c588e6ac7ac511db0b6c44840a6da3e11004564cbd2be1bf1ab253561eb
  Confirmed in block 156027310
  Approving 0xB46E4591E7190Bc9CeE4330b3F197f9E96Cc3B73 -> 0x179d8F8c811B8C759c33809dbc6c5ceDc62D05DD for 20476.007615049539122226 ...
  Attempt 1/3...
  Tx sent: 0x940e73e14b7836eed2ce459b98cc69c424143743a5508b02091083192d6a2ceb
  Confirmed in block 156027314
  Approving 0x690CDBB4E870C2072136CdEe590B8cc4aE1BE3cb -> 0x179d8F8c811B8C759c33809dbc6c5ceDc62D05DD for 20476.007615049539122226 ...
  Attempt 1/3...
  Attempt 1 failed: nonce has already been used (transaction="0x02f8af0a822059830f42408310343882c0f994690cdbb4e870c2072136cdee590b8cc4ae1be3cb80b844095ea7b3000000000000000000000000179d8f8c811b8c759c33809dbc6c5cedc62d05dd00000000000000000000000000000000000000000000045601b057598529f432c001a06f4aa8724a31c89ca51d5e460e34c17bb90a157e24e21277e9e57018e7050d6ca06bfd4cde4894aee5e44b80b405722419be20aefd1130204ea8a549915bb04426", info={ "error": { "code": -32000, "message": "nonce too low: next nonce 9883, tx nonce 8281" } }, code=NONCE_EXPIRED, version=6.15.0)
  Attempt 2/3...
  Tx sent: 0x1cbde54ef73864fa01cf6d1b3eaf22b2261a94888c6e7b20eae83fb428ea9023
  Confirmed in block 156027322
  Approving 0xa74b5297B1E6f59a30dA630b95dfE1D9F6978d23 -> 0x179d8F8c811B8C759c33809dbc6c5ceDc62D05DD for 20476.007615049539122226 ...
  Attempt 1/3...
  Tx sent: 0x09fe516eab1a48bd626e4369a171849aac476695af781d23fe61a3b3bf2d1fa1
  Confirmed in block 156027327
  Approving 0xCD3C92d6a33c468A5c26714078D192C0C8327Ce1 -> 0x179d8F8c811B8C759c33809dbc6c5ceDc62D05DD for 20476.007615049539122226 ...
  Attempt 1/3...
  Tx sent: 0x41cb6e571ec2735667ef03da356cc374567f56f366079347834c6cae176a2ce8
  Confirmed in block 156027331
  Approving 0x7357FF8c4bCf17DdA3f39aa474716AC0c5f1b6C5 -> 0x179d8F8c811B8C759c33809dbc6c5ceDc62D05DD for 20476.007615049539122226 ...
  Attempt 1/3...
  Attempt 1 failed: nonce has already been used (transaction="0x02f8af0a822059830f4240831033ee82c0f9947357ff8c4bcf17dda3f39aa474716ac0c5f1b6c580b844095ea7b3000000000000000000000000179d8f8c811b8c759c33809dbc6c5cedc62d05dd00000000000000000000000000000000000000000000045601b057598529f432c080a08dcfdc44e4584b7e5b3954bc2430a6e066172847bd380009d26fe9f8688ceca1a043275ec07f515dc8f95b25042a93290763b308c06638a7d6317ac988a4fbfffd", info={ "error": { "code": -32000, "message": "nonce too low: next nonce 9886, tx nonce 8281" } }, code=NONCE_EXPIRED, version=6.15.0)
  Attempt 2/3...
  Tx sent: 0x51556e2d1ecc6150176c67b5f16300684ec23a67bb406a50dcd97000cb027722
  Confirmed in block 156027336
  Approving 0x3bB5e27C3806d01854B2B87F2D3a1D638BD245F2 -> 0x179d8F8c811B8C759c33809dbc6c5ceDc62D05DD for 20476.007615049539122226 ...
  Attempt 1/3...
  Tx sent: 0x36a866a3d0f5e21094b961be80c10b2e38627971368d6aacb38f60c03a906ad7
  Confirmed in block 156027339
  Approving 0x07b8Af578a2d600C162febcE50408315101A7FA9 -> 0x179d8F8c811B8C759c33809dbc6c5ceDc62D05DD for 20476.007615049539122226 ...
  Attempt 1/3...
  Tx sent: 0xb86b3ed0ad3b33fd1dfa0fc342cbd9b3a1e65966f35e7b088b9c397271cc6245
  Confirmed in block 156027344
  Approving 0x30885F75c2C0037D1E4cD754641c8A5b1d6450B9 -> 0x179d8F8c811B8C759c33809dbc6c5ceDc62D05DD for 20476.007615049539122226 ...
  Attempt 1/3...
  Tx sent: 0xa2dcf27aacd44569e6a60a3385365e5560c03cc3d95b642d791fad9cc278eced
  Confirmed in block 156027348
  Approving 0x73d0DEd76aB2F0e1870F9DD6908aB6308c640560 -> 0x179d8F8c811B8C759c33809dbc6c5ceDc62D05DD for 20476.007615049539122226 ...
  Attempt 1/3...
  Tx sent: 0xa75316c60fa87d8c5c69c3914f9e746a30a6253fca19d8003fb919ecc120e68c
  Confirmed in block 156027351
  Approving 0xD7d4AD44055D280FBE2D47798416088312b86a5D -> 0x179d8F8c811B8C759c33809dbc6c5ceDc62D05DD for 20476.007615049539122226 ...
  Attempt 1/3...
  Attempt 1 failed: nonce has already been used (transaction="0x02f8af0a822059830f42408310340c82c0f994d7d4ad44055d280fbe2d47798416088312b86a5d80b844095ea7b3000000000000000000000000179d8f8c811b8c759c33809dbc6c5cedc62d05dd00000000000000000000000000000000000000000000045601b057598529f432c001a0893b2f992f4781e8b9bbfc1369c8b6ea47e1c2e2edbe59f76ce5818290c9b27da051b65132a9d8b3c2ceb9a7bef63596cfbf2702e846b99a1315c0c3130fb0a132", info={ "error": { "code": -32000, "message": "nonce too low: next nonce 9891, tx nonce 8281" } }, code=NONCE_EXPIRED, version=6.15.0)
  Attempt 2/3...
  Tx sent: 0x32caf716e9a1898cc6710bd10dd92136d20e68b48d16e5e464d19351729adf22
  Confirmed in block 156027358
  Approving 0xca213142321206D48Ac05aC203642db6CfD51174 -> 0x179d8F8c811B8C759c33809dbc6c5ceDc62D05DD for 20476.007615049539122226 ...
  Attempt 1/3...
  Tx sent: 0x688fad3252c63e33d8b7e6ee8f13360fa3eb263c6305e67f8fa47689f12ad2c4
  Confirmed in block 156027361
  Approving 0xe8FaBb1a6738bcAB0ed3E00f9D8be1Cb68b5e9f9 -> 0x179d8F8c811B8C759c33809dbc6c5ceDc62D05DD for 20476.007615049539122226 ...
  Attempt 1/3...
  Tx sent: 0x3437f97117c3c708d93cad86f4b454f2e733a4223660473bc3b407a0c769de84
  Confirmed in block 156027366
  Approving 0xdfF787350B325C4f50580632DEcE396359fFe622 -> 0x179d8F8c811B8C759c33809dbc6c5ceDc62D05DD for 20476.007615049539122226 ...
  Attempt 1/3...
  Tx sent: 0xb92d0cdb282b157455ee4259d81cbf89a159795e21b4dd648f4e7d19a033a9c9
  Confirmed in block 156027371
  Approving 0x14E47362043567695e73Cb63ff13FDa698dB0D93 -> 0x179d8F8c811B8C759c33809dbc6c5ceDc62D05DD for 20476.007615049539122226 ...
  Attempt 1/3...
  Tx sent: 0xd755b6019a109116847f696d59bd660a565a742312ce14976de64108a9314a44
  Confirmed in block 156027374
  Approving 0x87A4dF822364BD9516309b4BD28774A9DD719ad7 -> 0x179d8F8c811B8C759c33809dbc6c5ceDc62D05DD for 20476.007615049539122226 ...
  Attempt 1/3...
  Tx sent: 0x8c4051305c3fa4ff7ca8ff4c913a7f0fa23e51d1f6fef8cb58d47e7926ed09f6
  Confirmed in block 156027376
  Approving 0x766FB92F9C1EB346aAa3C465eE50629ABE03d062 -> 0x179d8F8c811B8C759c33809dbc6c5ceDc62D05DD for 20476.007615049539122226 ...
  Attempt 1/3...
  Tx sent: 0x8dbababf504b215ace16faef8fe42f7ca07a6e4a2941d52c16423eaec02a481f
  Confirmed in block 156027378
  Approving 0x8DB56Ba900e69DFA9BadB5de0fb9978B64fCC5b2 -> 0x179d8F8c811B8C759c33809dbc6c5ceDc62D05DD for 20476.007615049539122226 ...
  Attempt 1/3...
  Tx sent: 0xbdf2dfa0c718be7e273943c4cf4feb5035554e653374c2f283fdf05b6354d318
  Confirmed in block 156027380
  Approving 0x04CB5b0AbFda7971b666a6Aadf74b2f922ba14dD -> 0x179d8F8c811B8C759c33809dbc6c5ceDc62D05DD for 20476.007615049539122226 ...
  Attempt 1/3...
  Tx sent: 0xe510e74080c53de53a1d4ca49822535785f382f9b71b9033e7ebb1749ac0c28e
  Confirmed in block 156027383
  Approving 0x21DFdbA32462E9ED2FBd64e85EC57542924F430b -> 0x179d8F8c811B8C759c33809dbc6c5ceDc62D05DD for 20476.007615049539122226 ...
  Attempt 1/3...
  Tx sent: 0xcb38e0b80890f2ebc2b93463595dc4fc6f5065ebc1b3eb9cba81dff4692c9af2
  Confirmed in block 156027386
  Approving 0x1A00B4A468eA03BeE07957DB5BbD575aeCcd5E9D -> 0x179d8F8c811B8C759c33809dbc6c5ceDc62D05DD for 20476.007615049539122226 ...
  Attempt 1/3...
  Tx sent: 0x2c1080525bd0befe3d8a1619eca2f9e25d97e97788c87312f03df248e2403965
  Confirmed in block 156027390
  Approving 0xaB171E15706BdcD4C5Dd62a729A52cC234d5bD50 -> 0x179d8F8c811B8C759c33809dbc6c5ceDc62D05DD for 20476.007615049539122226 ...
  Attempt 1/3...
  Tx sent: 0xb92d3f1efd70e0c7dce752d06478e23b77be524ecd40d92110dd4738b2cf8898
  Confirmed in block 156027394
  Approving 0x23c7Cf9BDECC48b601C493Fb1FC3E8DD33ecB972 -> 0x179d8F8c811B8C759c33809dbc6c5ceDc62D05DD for 20476.007615049539122226 ...
  Attempt 1/3...
  Tx sent: 0x4e977c450cfe2c4218ace863f4a3cc1c74ae9e127d9c6029571f3f7d081945ee
  Confirmed in block 156027397
  Approving 0x508D470Adcc2A5DFCcce790D94c821C787F85C2F -> 0x179d8F8c811B8C759c33809dbc6c5ceDc62D05DD for 20476.007615049539122226 ...
  Attempt 1/3...
  Tx sent: 0x644906ca366a2ede93f630aec89e68b736cfd48edac3dd1151a7d143df2db3e5
  Confirmed in block 156027400
  Approving 0x314b9e28E09968e19A070482CdC65676a33F1703 -> 0x179d8F8c811B8C759c33809dbc6c5ceDc62D05DD for 20476.007615049539122226 ...
  Attempt 1/3...
  Attempt 1 failed: nonce has already been used (transaction="0x02f8af0a822059830f42408310343882c0f994314b9e28e09968e19a070482cdc65676a33f170380b844095ea7b3000000000000000000000000179d8f8c811b8c759c33809dbc6c5cedc62d05dd00000000000000000000000000000000000000000000045601b057598529f432c001a03475e4c9985f4b3c027c5b586606964f224ade26f03d7951d71740652ae1882ba02760259a50be4d443253c50a288a5be0d212f267c52c59289304f8604b551427", info={ "error": { "code": -32000, "message": "nonce too low: next nonce 9905, tx nonce 8281" } }, code=NONCE_EXPIRED, version=6.15.0)
  Attempt 2/3...
  Tx sent: 0x56b55bf91da5a4fd77ea039d7a0d507851c087bc13f453e5e1e5f28f08b32b6c
  Confirmed in block 156027405
  Approving 0x1E39D33827a7c628484404E91A0FCE3fe438D22f -> 0x179d8F8c811B8C759c33809dbc6c5ceDc62D05DD for 20476.007615049539122226 ...
  Attempt 1/3...
  Tx sent: 0xff470f201a7f84444cd18495ccaf58d0607c443bf308e4e1e42bcce605917485
  Confirmed in block 156027409
  Approving 0xE568F7f2277d3c4Fc907C31067d93047264976C9 -> 0x179d8F8c811B8C759c33809dbc6c5ceDc62D05DD for 20476.007615049539122226 ...
  Attempt 1/3...
  Tx sent: 0xa557b53e339ad99f6c35958a363fddb807e246dbb3692bac706c5ad8803568f5
  Confirmed in block 156027412
  Approving 0xf5F562a91251d95b22106FfAE92E63Ae365BFdE7 -> 0x179d8F8c811B8C759c33809dbc6c5ceDc62D05DD for 20476.007615049539122226 ...
  Attempt 1/3...
  Tx sent: 0xd69ad941df5696931160968530ae800e85dc215bde7c4a79b9b5944988b47497
  Confirmed in block 156027416
  Approving 0x104283847E3F6055997e830244dff1cd3d5c140e -> 0x179d8F8c811B8C759c33809dbc6c5ceDc62D05DD for 20476.007615049539122226 ...
  Attempt 1/3...
  Tx sent: 0x6193749ad3ec9f87988afe0ab158419e00c16e078292adab12a65269311be3c9
  Confirmed in block 156027421
  Approving 0xc78af2717d664BaAFe2721A0A88697042e8C20B2 -> 0x179d8F8c811B8C759c33809dbc6c5ceDc62D05DD for 20476.007615049539122226 ...
  Attempt 1/3...
  Tx sent: 0x8f34a7991f702bdc69c3a3880ca5070215c66125bc3689504e5832455153df2c
  Confirmed in block 156027425
  Approving 0x284F208d1BD06954AFae181Bd6612e8A3303b8A8 -> 0x179d8F8c811B8C759c33809dbc6c5ceDc62D05DD for 20476.007615049539122226 ...
  Attempt 1/3...
  Tx sent: 0xc68205482ca900e839f5105df1b180745084dcd3628fe35fdcc2a95b6aa63d45
  Confirmed in block 156027428
  Approving 0x4758B5c746715F59166701020778108aB4c594e7 -> 0x179d8F8c811B8C759c33809dbc6c5ceDc62D05DD for 20476.007615049539122226 ...
  Attempt 1/3...
  Tx sent: 0xae94c66424d8c27fdebda5a0420271637210dd9e09beb66f66e2cbeda500d12b
  Confirmed in block 156027432
  Approving 0xaEb6712B5A8a61eF368FcA0E08EbaaaFa6d6610A -> 0x179d8F8c811B8C759c33809dbc6c5ceDc62D05DD for 20476.007615049539122226 ...
  Attempt 1/3...
  Attempt 1 failed: nonce has already been used (transaction="0x02f8af0a822059830f4240831035ae82c0f994aeb6712b5a8a61ef368fca0e08ebaaafa6d6610a80b844095ea7b3000000000000000000000000179d8f8c811b8c759c33809dbc6c5cedc62d05dd00000000000000000000000000000000000000000000045601b057598529f432c080a0a88a0145ca068caf46858a1e608e2556e5ef983253d7defc55269f5f7b7c56e2a027c9e48a493f66415cfb95dab9619aaa5bcf94aeba7e3f13a94acc5316640a7d", info={ "error": { "code": -32000, "message": "nonce too low: next nonce 9913, tx nonce 8281" } }, code=NONCE_EXPIRED, version=6.15.0)
  Attempt 2/3...
  Tx sent: 0x2a19402006f8b026cdb853b81b58adbde9dba7e955b262f8a7cc2b3317425aad
  Confirmed in block 156027437
  Approving 0x025EacC0518b6099D9355c5D18ED7808C2b61a58 -> 0x179d8F8c811B8C759c33809dbc6c5ceDc62D05DD for 20476.007615049539122226 ...
  Attempt 1/3...
  Tx sent: 0x600fa63b270f63087e871f5a12f3c28660941cc3dea8191d28beb0d3083af049
  Confirmed in block 156027440
  Approving 0x8fe1418aee1EA6136f1353Bb55168fe1f079e896 -> 0x179d8F8c811B8C759c33809dbc6c5ceDc62D05DD for 20476.007615049539122226 ...
  Attempt 1/3...
  Attempt 1 failed: nonce has already been used (transaction="0x02f8af0a822059830f42408310370082c0f9948fe1418aee1ea6136f1353bb55168fe1f079e89680b844095ea7b3000000000000000000000000179d8f8c811b8c759c33809dbc6c5cedc62d05dd00000000000000000000000000000000000000000000045601b057598529f432c001a09830f72e3b8a932ef0e55e10373f5c4011b5d0c03dd1ccd4f680ee471fd4cd5aa073b6ea39b44d90c9102da4a573dc85d5b8405f8a7fcd8847b808c61cc1b86734", info={ "error": { "code": -32000, "message": "nonce too low: next nonce 9915, tx nonce 8281" } }, code=NONCE_EXPIRED, version=6.15.0)
  Attempt 2/3...
  Tx sent: 0x974491b07b1a30a072a2d4aced232919c110ea65905d82dc09104bab01c0604d
  Confirmed in block 156027445
  Approving 0xb88FA1D8b2880f60945e8EF94C577Fdb163F8c6e -> 0x179d8F8c811B8C759c33809dbc6c5ceDc62D05DD for 20476.007615049539122226 ...
  Attempt 1/3...
  Tx sent: 0x3a71dc1be0e5ee315aaa686555e4d421f685b82ff9a8d3b80639367d10ce5f55
  Confirmed in block 156027448
  Approving 0x41ad3e0FbE4342A818E0a34D13657FeDBbC6637b -> 0x179d8F8c811B8C759c33809dbc6c5ceDc62D05DD for 20476.007615049539122226 ...
  Attempt 1/3...
  Tx sent: 0xdb1fcb92c509741a3156d5160c3fca2f2348f89407c5daf6b37f958adf4b0ba9
  Confirmed in block 156027451
  Approving 0x32d4d346263030926eD7e4b106189212Cd8a5a65 -> 0x179d8F8c811B8C759c33809dbc6c5ceDc62D05DD for 20476.007615049539122226 ...
  Attempt 1/3...
  Tx sent: 0xe599f50e22ea0970ac338a2fda48116196d91852bc8a4ebbd0b89871ae1b5534
  Confirmed in block 156027455
  Approving 0x29f5F7d32f0cdf100871ce83CcFA649C38BFFc2e -> 0x179d8F8c811B8C759c33809dbc6c5ceDc62D05DD for 20476.007615049539122226 ...
  Attempt 1/3...
  Tx sent: 0x4bf8d4a12d1067f4e906fe0fd4c7f0b301627998375f878e45a61cbc281a4ecb
  Confirmed in block 156027457
  Approving 0x273C7e1C1F35F0e10D5415B75797c5eDED198Deb -> 0x179d8F8c811B8C759c33809dbc6c5ceDc62D05DD for 20476.007615049539122226 ...
  Attempt 1/3...
  Tx sent: 0x53ff9b0b196ce699a0b7bdd0fa84e1717dcfeee39d43645139cd31b287878817
  Confirmed in block 156027460
  Approving 0x3bdBc84E6926f299f7ccfd0B264115065B597F59 -> 0x179d8F8c811B8C759c33809dbc6c5ceDc62D05DD for 20476.007615049539122226 ...
  Attempt 1/3...
  Tx sent: 0x925bbeb472da2a45939fbba47a2797aaf172a9ed00175875395646fd9882ed71
  Confirmed in block 156027464
  Approving 0x9661548c5488922d067d4dD0734c398AB027345b -> 0x179d8F8c811B8C759c33809dbc6c5ceDc62D05DD for 20476.007615049539122226 ...
  Attempt 1/3...
  Attempt 1 failed: nonce has already been used (transaction="0x02f8af0a822059830f42408310388e82c0f9949661548c5488922d067d4dd0734c398ab027345b80b844095ea7b3000000000000000000000000179d8f8c811b8c759c33809dbc6c5cedc62d05dd00000000000000000000000000000000000000000000045601b057598529f432c001a0c96b600b1171290c66894de47284c387a0e4dd6412999af845bb22378fac5497a00c9b9a08ed4539c4406bcfbf2b2f499be5e84d035b73c274778e2e424451366c", info={ "error": { "code": -32000, "message": "nonce too low: next nonce 9922, tx nonce 8281" } }, code=NONCE_EXPIRED, version=6.15.0)
  Attempt 2/3...
  Tx sent: 0x24aaec94e86488c93eeda2809a636259e42798dfa369889a254b2bd4fbabf93c
  Confirmed in block 156027469
  Approving 0x37CC4DaE5Cda72DB589c3cf27292F860594A7D07 -> 0x179d8F8c811B8C759c33809dbc6c5ceDc62D05DD for 20476.007615049539122226 ...
  Attempt 1/3...
  Tx sent: 0x32cde5bbaecd06b74b3ca29dc65425a764dadd1781aee76698fa821eb84ea378
  Confirmed in block 156027472
  Approving 0x108905D6f9839F9376760bf4EF0aD393dBDF8715 -> 0x179d8F8c811B8C759c33809dbc6c5ceDc62D05DD for 20476.007615049539122226 ...
  Attempt 1/3...
  Tx sent: 0x0fe7444f19f85f9afba44608ec21303b89a2daf7010a2d93108f556eb25c1682
  Confirmed in block 156027476
  Approving 0xb24d1d2D947Da4A11Cd8AE9150aDA4B4eeE9aB0a -> 0x179d8F8c811B8C759c33809dbc6c5ceDc62D05DD for 20476.007615049539122226 ...
  Attempt 1/3...
  Tx sent: 0xe1d689ed7646055cc91b3e29acc9f60462416cadff5b129d905ea84ebe1218e1
  Confirmed in block 156027479
  Approving 0x9dECCb080DA5D4D512D699BAAecb477C25F41232 -> 0x179d8F8c811B8C759c33809dbc6c5ceDc62D05DD for 20476.007615049539122226 ...
  Attempt 1/3...
  Tx sent: 0x158a3ec5d87715d8688e3e0dc44cf85322d9731da962f0c4bdc42c0228bef80a
  Confirmed in block 156027483
  Approving 0x5BCDE47a6B7A6387aA05BE3201e07b9315D3D5cf -> 0x179d8F8c811B8C759c33809dbc6c5ceDc62D05DD for 20476.007615049539122226 ...
  Attempt 1/3...
  Tx sent: 0xfe29629303064c54112adcd33900818064790a02418f2db73a339551bd92744a
  Confirmed in block 156027487
  Approving 0x74139250467B13356904ea9DF94f7235DaE540f4 -> 0x179d8F8c811B8C759c33809dbc6c5ceDc62D05DD for 20476.007615049539122226 ...
  Attempt 1/3...
  Tx sent: 0x4a9f7951fa7bef45a7380f2f9427752a852cfaac9bbc5b5207362d933f27f8af
  Confirmed in block 156027490
  Approving 0x959daBE9BDE10c9A588D18c0eCbB5B2625eD1618 -> 0x179d8F8c811B8C759c33809dbc6c5ceDc62D05DD for 20476.007615049539122226 ...
  Attempt 1/3...
  Tx sent: 0x22e621f1b21ad0f6292ad44dbd2a2f08e14fad9c4a480aa33d72878599859c0d
  Confirmed in block 156027494
  Approving 0x76dF8EE922702bb5FF3c029321DC96f9936C7bF6 -> 0x179d8F8c811B8C759c33809dbc6c5ceDc62D05DD for 20476.007615049539122226 ...
  Attempt 1/3...
  Tx sent: 0x37b45fb2dd9ef0e8368720f9c3bde4acb9e8966134fa0eabf20be192ec3352bd
  Confirmed in block 156027497
  Approving 0x6c22612f17aBaFD420F904d1a8f71D3113a339F2 -> 0x179d8F8c811B8C759c33809dbc6c5ceDc62D05DD for 20476.007615049539122226 ...
  Attempt 1/3...
  Tx sent: 0x7c8d7115b509088ced6040ed309537f668119dcb5e5f0b06c18f00c03e66c8d9
  Confirmed in block 156027502
  Approving 0xD8F5543cd3272a8F38da096096902E55EC6F4CF7 -> 0x179d8F8c811B8C759c33809dbc6c5ceDc62D05DD for 20476.007615049539122226 ...
  Attempt 1/3...
  Tx sent: 0x3299a7db9d2955cae955b16f29548612649c402f0638f9a9d7e780f9ff5f5df5
  Confirmed in block 156027507
  Approving 0x16fF309B1252DD54048f8273a9c79de5af37FDA8 -> 0x179d8F8c811B8C759c33809dbc6c5ceDc62D05DD for 20476.007615049539122226 ...
  Attempt 1/3...
  Tx sent: 0xd0813a8ddf0b8b9f2826b2358b1715fc6c4052842bbb118f76791fac44d4264a
  Confirmed in block 156027511
  Approving 0x6e313fcB8aaE34Ed27705987031C671A5B7389e1 -> 0x179d8F8c811B8C759c33809dbc6c5ceDc62D05DD for 20476.007615049539122226 ...
  Attempt 1/3...
  Tx sent: 0x85760e96fd2e75d52d8400039b5198e6e5afa3dba929c8be07c375c587b33d33
  Confirmed in block 156027514
  Approving 0x3f975BA472Db4b5f16464044c732107441eA2172 -> 0x179d8F8c811B8C759c33809dbc6c5ceDc62D05DD for 20476.007615049539122226 ...
  Attempt 1/3...
  Tx sent: 0xd48f757d17e949e3c6aba53ddfcf8a7ba543b6ecccaa5fed71761a29f999cb1b
  Confirmed in block 156027517
  Approving 0x63a4F76ef5846F68D069054C271465B7118e8ed9 -> 0x179d8F8c811B8C759c33809dbc6c5ceDc62D05DD for 20476.007615049539122226 ...
  Attempt 1/3...
  Attempt 1 failed: nonce has already been used (transaction="0x02f8af0a822059830f424083103fa882c0f99463a4f76ef5846f68d069054c271465b7118e8ed980b844095ea7b3000000000000000000000000179d8f8c811b8c759c33809dbc6c5cedc62d05dd00000000000000000000000000000000000000000000045601b057598529f432c001a0a7df6f67bac6b288e2209fb83256898dbce67d7138f7b95c5d21cef2eea592d8a00dcda488a35257fdcfbb813791061539567d0b9d45d5faa500f26a933112c652", info={ "error": { "code": -32000, "message": "nonce too low: next nonce 9936, tx nonce 8281" } }, code=NONCE_EXPIRED, version=6.15.0)
  Attempt 2/3...
  Tx sent: 0x46d590df49d45305e417395eb698c768e50ee384326379fe65c2181dfaf4cdd5
  Confirmed in block 156027522
  Approving 0x9Ee7D0AFD06f2C3D64D478D68dc5282746ec7D80 -> 0x179d8F8c811B8C759c33809dbc6c5ceDc62D05DD for 20476.007615049539122226 ...
  Attempt 1/3...
  Tx sent: 0x9d63b11075cbb02433bdb2487c68c6189f5b770a658a18ecb45114a27efe7a00
  Confirmed in block 156027525
   68 new approval(s) sent, 0 already sufficient
  Attempt 1/3...
  Tx sent: 0xd2f92dfae674d03ed1eaea10ffd9108d69f58a88673241f413d158c841fc56e9
  Confirmed in block 156027528
   ✅ Saved to ./merge-l1-positions-execution.json

🎉 Done. sUSDS 17029.733883877925505603 → 37505.741498927464627829 (+20476.007615049539122226)
   Progress: ./merge-l1-positions-execution.json
   Next: node verify-l1-unwind.js
