withdraw-zcash-liquidity — DRY RUN (nothing will be sent)
  campaign zcash-q3 (launch/poll), stage unwind-withdraw
  chain 10 ok, wallet 0x00DC3E0AcAdB8dBA21BB08fF30540222FF8836e0

📋 Wallet  : 0x00DC3E0AcAdB8dBA21BB08fF30540222FF8836e0

🔍 Step 1: resolving outcome tokens for 37 markets...
   111 candidate pools (YES + NO + Invalid across 37 markets)

🔍 Step 2: scanning wallet positions...
   Wallet holds 751 position NFTs.
   Matched 74 Zcash positions — 74 with liquidity > 0.

   #1125444 [ 1] GRANTSHUB       YES     liquidity 541087886088062115205
   #1125445 [ 1] GRANTSHUB       NO      liquidity 144657625664087895718
   #1125446 [ 2] SHIELDEDSCAN    YES     liquidity 615679152337955745234
   #1125447 [ 2] SHIELDEDSCAN    NO      liquidity 43036384017185551362
   #1125448 [ 3] ZECKIT          YES     liquidity 507167556399650274334
   #1125449 [ 3] ZECKIT          NO      liquidity 185273213043112900141
   #1125451 [ 4] ZCASHTOCASH     YES     liquidity 478140345741316130257
   #1125452 [ 4] ZCASHTOCASH     NO      liquidity 218569277097619419490
   #1125453 [ 5] RECONCILE       YES     liquidity 507167556399650274334
   #1125455 [ 5] RECONCILE       NO      liquidity 185273213043112900141
   #1125456 [ 6] GLEYO           YES     liquidity 524830828691818351890
   #1125457 [ 6] GLEYO           NO      liquidity 164403578513063757236
   #1125459 [ 7] FAUCET          YES     liquidity 541087877280479630474
   #1125460 [ 7] FAUCET          NO      liquidity 144657700140803467383
   #1125461 [ 8] CYPHZEC         YES     liquidity 618631672733349156027
   #1125462 [ 8] CYPHZEC         NO      liquidity 38273735606834591477
   #1125463 [ 9] ZECLEDGER       YES     liquidity 533159929173076767355
   #1125464 [ 9] ZECLEDGER       NO      liquidity 154354249780771282623
   #1125465 [10] LIGHTWALLETD    YES     liquidity 605121079285294450587
   #1125466 [10] LIGHTWALLETD    NO      liquidity 59369713918748725942
   #1125467 [11] BLINDVAULT      YES     liquidity 53626179725020059824
   #1125469 [11] BLINDVAULT      NO      liquidity 608905753032174016284
   #1125470 [12] ZALLETRPC       YES     liquidity 43084969984229666354
   #1125471 [12] ZALLETRPC       NO      liquidity 615661637497243488579
   #1125472 [13] ZECMAP          YES     liquidity 412309592211471551947
   #1125473 [13] ZECMAP          NO      liquidity 290191973718824019421
   #1125474 [14] CONNAUGH        YES     liquidity 100903483851773431178
   #1125475 [14] CONNAUGH        NO      liquidity 575393687504056633655
   #1125476 [15] ZAP1            YES     liquidity 144669623131423398418
   #1125477 [15] ZAP1            NO      liquidity 541076504207700750471
   #1125478 [16] ZECBOOKS        YES     liquidity 33799611783912277562
   #1125479 [16] ZECBOOKS        NO      liquidity 621328389259146203691
   #1125480 [17] CIPHERPAY       YES     liquidity 548680978742460920412
   #1125481 [17] CIPHERPAY       NO      liquidity 135243616938441259555
   #1125482 [18] ZAFU            YES     liquidity 277984928814164129271
   #1125483 [18] ZAFU            NO      liquidity 423921881377085227045
   #1125484 [19] ZAPP            YES     liquidity 314997646718472416039
   #1125485 [19] ZAPP            NO      liquidity 388621910930220691420
   #1125486 [20] HWSDK           YES     liquidity 533150986674714396464
   #1125487 [20] HWSDK           NO      liquidity 154343945484545934624
   #1125488 [21] NOZY            YES     liquidity 376607450275188366116
   #1125489 [21] NOZY            NO      liquidity 327340295642436819322
   #1125490 [22] THORSWAP        YES     liquidity 634544532880713260003
   #1125491 [22] THORSWAP        NO      liquidity 8176355781093090934
   #1125493 [23] UNSTOPPABLE     YES     liquidity 625933557517746569392
   #1125495 [23] UNSTOPPABLE     NO      liquidity 25702599739781548896
   #1125496 [24] ZCASHNAMES      YES     liquidity 207260112885558807907
   #1125497 [24] ZCASHNAMES      NO      liquidity 488142174536118892865
   #1125498 [25] FRONTIERSEC     YES     liquidity 135255773683839561890
   #1125499 [25] FRONTIERSEC     NO      liquidity 548669164047719836491
   #1125500 [26] ZEBRACVE        YES     liquidity 230123847782697834696
   #1125501 [26] ZEBRACVE        NO      liquidity 467844747086877011943
   #1125502 [27] BONUSIRONWOOD   YES     liquidity 621345903224182099913
   #1125503 [27] BONUSIRONWOOD   NO      liquidity 33782097818876381340
   #1125504 [28] CIPHERSCAN      YES     liquidity 253771240594302797785
   #1125505 [28] CIPHERSCAN      NO      liquidity 446393787457528493156
   #1125506 [29] MINTEXPLOIT     YES     liquidity 615679152337955745234
   #1125508 [29] MINTEXPLOIT     NO      liquidity 43067456019193770132
   #1125509 [30] ZEBRACONSENSUS  YES     liquidity 562752161985312854655
   #1125510 [30] ZEBRACONSENSUS  NO      liquidity 117418978676971115954
   #1125511 [31] ZECROCKS        YES     liquidity 435296804344708537194
   #1125512 [31] ZECROCKS        NO      liquidity 265796040245986212615
   #1125513 [32] VALARAUDIT      YES     liquidity 600997389348368356345
   #1125514 [32] VALARAUDIT      NO      liquidity 65441441928938217503
   #1125515 [33] TACHYON         YES     liquidity 636426578287808244397
   #1125516 [33] TACHYON         NO      liquidity 2942259304990746605
   #1125517 [34] ORCHARDBOUNTY   YES     liquidity 637000617472949174205
   #1125518 [34] ORCHARDBOUNTY   NO      liquidity 732273905921593745
   #1125519 [35] BONUSORCHARD    YES     liquidity 633593681322078372334
   #1125520 [35] BONUSORCHARD    NO      liquidity 10439148473596129080
   #1125521 [36] VALARIRONWOOD   YES     liquidity 625959801876805874746
   #1125523 [36] VALARIRONWOOD   NO      liquidity 25703682604030757854
   #1125524 [37] ZODL            YES     liquidity 629612484237696549035
   #1125526 [37] ZODL            NO      liquidity 18771774144242248207

Dry run complete — nothing was sent.
